Archive member included to satisfy reference by file (symbol)

D:\Usuario\Escritorio\Sistemas Embebidos\laboratorio 1 SE\libcoreArduinoUno161.a(wiring.c.o)
                              main.o (delay)
D:\Usuario\Escritorio\Sistemas Embebidos\laboratorio 1 SE\libcoreArduinoUno161.a(wiring_digital.c.o)
                              main.o (pinMode)
D:\Usuario\Escritorio\Sistemas Embebidos\laboratorio 1 SE\libcoreArduinoUno161.a(HardwareSerial.cpp.o)
                              main.o (_ZN14HardwareSerial4readEv)
D:\Usuario\Escritorio\Sistemas Embebidos\laboratorio 1 SE\libcoreArduinoUno161.a(HardwareSerial0.cpp.o)
                              main.o (Serial)
D:\Usuario\Escritorio\Sistemas Embebidos\laboratorio 1 SE\libcoreArduinoUno161.a(main.cpp.o)
                              C:/Program Files (x86)/Atmel/Studio/7.0/Packs/atmel/ATmega_DFP/1.2.132/gcc/dev/atmega328p/avr5/crtatmega328p.o (main)
D:\Usuario\Escritorio\Sistemas Embebidos\laboratorio 1 SE\libcoreArduinoUno161.a(Print.cpp.o)
                              D:\Usuario\Escritorio\Sistemas Embebidos\laboratorio 1 SE\libcoreArduinoUno161.a(HardwareSerial.cpp.o) (_ZN5Print5writeEPKhj)
D:\Usuario\Escritorio\Sistemas Embebidos\laboratorio 1 SE\libcoreArduinoUno161.a(hooks.c.o)
                              D:\Usuario\Escritorio\Sistemas Embebidos\laboratorio 1 SE\libcoreArduinoUno161.a(wiring.c.o) (yield)
D:\Usuario\Escritorio\Sistemas Embebidos\laboratorio 1 SE\libcoreArduinoUno161.a(abi.cpp.o)
                              D:\Usuario\Escritorio\Sistemas Embebidos\laboratorio 1 SE\libcoreArduinoUno161.a(Print.cpp.o) (__cxa_pure_virtual)
c:/program files (x86)/atmel/studio/7.0/toolchain/avr8/avr8-gnu-toolchain/bin/../lib/gcc/avr/5.4.0/../../../../avr/lib/avr5\libm.a(addsf3.o)
                              D:\Usuario\Escritorio\Sistemas Embebidos\laboratorio 1 SE\libcoreArduinoUno161.a(Print.cpp.o) (__subsf3)
c:/program files (x86)/atmel/studio/7.0/toolchain/avr8/avr8-gnu-toolchain/bin/../lib/gcc/avr/5.4.0/../../../../avr/lib/avr5\libm.a(addsf3x.o)
                              c:/program files (x86)/atmel/studio/7.0/toolchain/avr8/avr8-gnu-toolchain/bin/../lib/gcc/avr/5.4.0/../../../../avr/lib/avr5\libm.a(addsf3.o) (__addsf3x)
c:/program files (x86)/atmel/studio/7.0/toolchain/avr8/avr8-gnu-toolchain/bin/../lib/gcc/avr/5.4.0/../../../../avr/lib/avr5\libm.a(cmpsf2.o)
                              D:\Usuario\Escritorio\Sistemas Embebidos\laboratorio 1 SE\libcoreArduinoUno161.a(Print.cpp.o) (__ltsf2)
c:/program files (x86)/atmel/studio/7.0/toolchain/avr8/avr8-gnu-toolchain/bin/../lib/gcc/avr/5.4.0/../../../../avr/lib/avr5\libm.a(divsf3.o)
                              D:\Usuario\Escritorio\Sistemas Embebidos\laboratorio 1 SE\libcoreArduinoUno161.a(Print.cpp.o) (__divsf3)
c:/program files (x86)/atmel/studio/7.0/toolchain/avr8/avr8-gnu-toolchain/bin/../lib/gcc/avr/5.4.0/../../../../avr/lib/avr5\libm.a(divsf3x.o)
                              c:/program files (x86)/atmel/studio/7.0/toolchain/avr8/avr8-gnu-toolchain/bin/../lib/gcc/avr/5.4.0/../../../../avr/lib/avr5\libm.a(divsf3.o) (__divsf3x)
c:/program files (x86)/atmel/studio/7.0/toolchain/avr8/avr8-gnu-toolchain/bin/../lib/gcc/avr/5.4.0/../../../../avr/lib/avr5\libm.a(fixsfsi.o)
                              D:\Usuario\Escritorio\Sistemas Embebidos\laboratorio 1 SE\libcoreArduinoUno161.a(Print.cpp.o) (__fixsfsi)
c:/program files (x86)/atmel/studio/7.0/toolchain/avr8/avr8-gnu-toolchain/bin/../lib/gcc/avr/5.4.0/../../../../avr/lib/avr5\libm.a(fixunssfsi.o)
                              D:\Usuario\Escritorio\Sistemas Embebidos\laboratorio 1 SE\libcoreArduinoUno161.a(Print.cpp.o) (__fixunssfsi)
c:/program files (x86)/atmel/studio/7.0/toolchain/avr8/avr8-gnu-toolchain/bin/../lib/gcc/avr/5.4.0/../../../../avr/lib/avr5\libm.a(floatsisf.o)
                              D:\Usuario\Escritorio\Sistemas Embebidos\laboratorio 1 SE\libcoreArduinoUno161.a(Print.cpp.o) (__floatunsisf)
c:/program files (x86)/atmel/studio/7.0/toolchain/avr8/avr8-gnu-toolchain/bin/../lib/gcc/avr/5.4.0/../../../../avr/lib/avr5\libm.a(fp_cmp.o)
                              c:/program files (x86)/atmel/studio/7.0/toolchain/avr8/avr8-gnu-toolchain/bin/../lib/gcc/avr/5.4.0/../../../../avr/lib/avr5\libm.a(cmpsf2.o) (__fp_cmp)
c:/program files (x86)/atmel/studio/7.0/toolchain/avr8/avr8-gnu-toolchain/bin/../lib/gcc/avr/5.4.0/../../../../avr/lib/avr5\libm.a(fp_inf.o)
                              c:/program files (x86)/atmel/studio/7.0/toolchain/avr8/avr8-gnu-toolchain/bin/../lib/gcc/avr/5.4.0/../../../../avr/lib/avr5\libm.a(addsf3x.o) (__fp_inf)
c:/program files (x86)/atmel/studio/7.0/toolchain/avr8/avr8-gnu-toolchain/bin/../lib/gcc/avr/5.4.0/../../../../avr/lib/avr5\libm.a(fp_nan.o)
                              c:/program files (x86)/atmel/studio/7.0/toolchain/avr8/avr8-gnu-toolchain/bin/../lib/gcc/avr/5.4.0/../../../../avr/lib/avr5\libm.a(addsf3x.o) (__fp_nan)
c:/program files (x86)/atmel/studio/7.0/toolchain/avr8/avr8-gnu-toolchain/bin/../lib/gcc/avr/5.4.0/../../../../avr/lib/avr5\libm.a(fp_pscA.o)
                              c:/program files (x86)/atmel/studio/7.0/toolchain/avr8/avr8-gnu-toolchain/bin/../lib/gcc/avr/5.4.0/../../../../avr/lib/avr5\libm.a(addsf3x.o) (__fp_pscA)
c:/program files (x86)/atmel/studio/7.0/toolchain/avr8/avr8-gnu-toolchain/bin/../lib/gcc/avr/5.4.0/../../../../avr/lib/avr5\libm.a(fp_pscB.o)
                              c:/program files (x86)/atmel/studio/7.0/toolchain/avr8/avr8-gnu-toolchain/bin/../lib/gcc/avr/5.4.0/../../../../avr/lib/avr5\libm.a(addsf3x.o) (__fp_pscB)
c:/program files (x86)/atmel/studio/7.0/toolchain/avr8/avr8-gnu-toolchain/bin/../lib/gcc/avr/5.4.0/../../../../avr/lib/avr5\libm.a(fp_round.o)
                              c:/program files (x86)/atmel/studio/7.0/toolchain/avr8/avr8-gnu-toolchain/bin/../lib/gcc/avr/5.4.0/../../../../avr/lib/avr5\libm.a(addsf3.o) (__fp_round)
c:/program files (x86)/atmel/studio/7.0/toolchain/avr8/avr8-gnu-toolchain/bin/../lib/gcc/avr/5.4.0/../../../../avr/lib/avr5\libm.a(fp_split3.o)
                              c:/program files (x86)/atmel/studio/7.0/toolchain/avr8/avr8-gnu-toolchain/bin/../lib/gcc/avr/5.4.0/../../../../avr/lib/avr5\libm.a(addsf3x.o) (__fp_split3)
c:/program files (x86)/atmel/studio/7.0/toolchain/avr8/avr8-gnu-toolchain/bin/../lib/gcc/avr/5.4.0/../../../../avr/lib/avr5\libm.a(fp_zero.o)
                              c:/program files (x86)/atmel/studio/7.0/toolchain/avr8/avr8-gnu-toolchain/bin/../lib/gcc/avr/5.4.0/../../../../avr/lib/avr5\libm.a(addsf3x.o) (__fp_zero)
c:/program files (x86)/atmel/studio/7.0/toolchain/avr8/avr8-gnu-toolchain/bin/../lib/gcc/avr/5.4.0/../../../../avr/lib/avr5\libm.a(gesf2.o)
                              D:\Usuario\Escritorio\Sistemas Embebidos\laboratorio 1 SE\libcoreArduinoUno161.a(Print.cpp.o) (__gtsf2)
c:/program files (x86)/atmel/studio/7.0/toolchain/avr8/avr8-gnu-toolchain/bin/../lib/gcc/avr/5.4.0/../../../../avr/lib/avr5\libm.a(mulsf3.o)
                              D:\Usuario\Escritorio\Sistemas Embebidos\laboratorio 1 SE\libcoreArduinoUno161.a(Print.cpp.o) (__mulsf3)
c:/program files (x86)/atmel/studio/7.0/toolchain/avr8/avr8-gnu-toolchain/bin/../lib/gcc/avr/5.4.0/../../../../avr/lib/avr5\libm.a(mulsf3x.o)
                              c:/program files (x86)/atmel/studio/7.0/toolchain/avr8/avr8-gnu-toolchain/bin/../lib/gcc/avr/5.4.0/../../../../avr/lib/avr5\libm.a(mulsf3.o) (__mulsf3x)
c:/program files (x86)/atmel/studio/7.0/toolchain/avr8/avr8-gnu-toolchain/bin/../lib/gcc/avr/5.4.0/../../../../avr/lib/avr5\libm.a(unordsf2.o)
                              D:\Usuario\Escritorio\Sistemas Embebidos\laboratorio 1 SE\libcoreArduinoUno161.a(Print.cpp.o) (__unordsf2)
c:/program files (x86)/atmel/studio/7.0/toolchain/avr8/avr8-gnu-toolchain/bin/../lib/gcc/avr/5.4.0/avr5\libgcc.a(_divmodhi4.o)
                              main.o (__divmodhi4)
c:/program files (x86)/atmel/studio/7.0/toolchain/avr8/avr8-gnu-toolchain/bin/../lib/gcc/avr/5.4.0/avr5\libgcc.a(_udivmodsi4.o)
                              D:\Usuario\Escritorio\Sistemas Embebidos\laboratorio 1 SE\libcoreArduinoUno161.a(HardwareSerial.cpp.o) (__udivmodsi4)
c:/program files (x86)/atmel/studio/7.0/toolchain/avr8/avr8-gnu-toolchain/bin/../lib/gcc/avr/5.4.0/avr5\libgcc.a(_exit.o)
                              C:/Program Files (x86)/Atmel/Studio/7.0/Packs/atmel/ATmega_DFP/1.2.132/gcc/dev/atmega328p/avr5/crtatmega328p.o (exit)
c:/program files (x86)/atmel/studio/7.0/toolchain/avr8/avr8-gnu-toolchain/bin/../lib/gcc/avr/5.4.0/avr5\libgcc.a(_copy_data.o)
                              main.o (__do_copy_data)
c:/program files (x86)/atmel/studio/7.0/toolchain/avr8/avr8-gnu-toolchain/bin/../lib/gcc/avr/5.4.0/avr5\libgcc.a(_clear_bss.o)
                              main.o (__do_clear_bss)
c:/program files (x86)/atmel/studio/7.0/toolchain/avr8/avr8-gnu-toolchain/bin/../lib/gcc/avr/5.4.0/avr5\libgcc.a(_ctors.o)
                              D:\Usuario\Escritorio\Sistemas Embebidos\laboratorio 1 SE\libcoreArduinoUno161.a(HardwareSerial0.cpp.o) (__do_global_ctors)
c:/program files (x86)/atmel/studio/7.0/toolchain/avr8/avr8-gnu-toolchain/bin/../lib/gcc/avr/5.4.0/avr5\libgcc.a(_udivmodhi4.o)
                              c:/program files (x86)/atmel/studio/7.0/toolchain/avr8/avr8-gnu-toolchain/bin/../lib/gcc/avr/5.4.0/avr5\libgcc.a(_divmodhi4.o) (__udivmodhi4)
c:/program files (x86)/atmel/studio/7.0/toolchain/avr8/avr8-gnu-toolchain/bin/../lib/gcc/avr/5.4.0/avr5\libgcc.a(_tablejump2.o)
                              c:/program files (x86)/atmel/studio/7.0/toolchain/avr8/avr8-gnu-toolchain/bin/../lib/gcc/avr/5.4.0/avr5\libgcc.a(_ctors.o) (__tablejump2__)
c:/program files (x86)/atmel/studio/7.0/toolchain/avr8/avr8-gnu-toolchain/bin/../lib/gcc/avr/5.4.0/../../../../avr/lib/avr5\libc.a(abort.o)
                              D:\Usuario\Escritorio\Sistemas Embebidos\laboratorio 1 SE\libcoreArduinoUno161.a(abi.cpp.o) (abort)

Discarded input sections

 .data          0x00000000        0x0 C:/Program Files (x86)/Atmel/Studio/7.0/Packs/atmel/ATmega_DFP/1.2.132/gcc/dev/atmega328p/avr5/crtatmega328p.o
 .bss           0x00000000        0x0 C:/Program Files (x86)/Atmel/Studio/7.0/Packs/atmel/ATmega_DFP/1.2.132/gcc/dev/atmega328p/avr5/crtatmega328p.o
 .group         0x00000000        0x8 main.o
 .text          0x00000000        0x0 main.o
 .data          0x00000000        0x0 main.o
 .bss           0x00000000        0x0 main.o
 .rodata._ZL2SS
                0x00000000        0x1 main.o
 .rodata._ZL4MOSI
                0x00000000        0x1 main.o
 .rodata._ZL4MISO
                0x00000000        0x1 main.o
 .rodata._ZL3SCK
                0x00000000        0x1 main.o
 .rodata._ZL3SDA
                0x00000000        0x1 main.o
 .rodata._ZL3SCL
                0x00000000        0x1 main.o
 .rodata._ZL2A0
                0x00000000        0x1 main.o
 .rodata._ZL2A1
                0x00000000        0x1 main.o
 .rodata._ZL2A2
                0x00000000        0x1 main.o
 .rodata._ZL2A3
                0x00000000        0x1 main.o
 .rodata._ZL2A4
                0x00000000        0x1 main.o
 .rodata._ZL2A5
                0x00000000        0x1 main.o
 .rodata._ZL2A6
                0x00000000        0x1 main.o
 .rodata._ZL2A7
                0x00000000        0x1 main.o
 .rodata._ZL9buttonPin
                0x00000000        0x2 main.o
 .rodata._ZL6ledPin
                0x00000000        0x2 main.o
 .rodata._ZL13debounceDelay
                0x00000000        0x2 main.o
 .text          0x00000000        0x0 D:\Usuario\Escritorio\Sistemas Embebidos\laboratorio 1 SE\libcoreArduinoUno161.a(wiring.c.o)
 .data          0x00000000        0x0 D:\Usuario\Escritorio\Sistemas Embebidos\laboratorio 1 SE\libcoreArduinoUno161.a(wiring.c.o)
 .bss           0x00000000        0x0 D:\Usuario\Escritorio\Sistemas Embebidos\laboratorio 1 SE\libcoreArduinoUno161.a(wiring.c.o)
 .text.millis   0x00000000       0x18 D:\Usuario\Escritorio\Sistemas Embebidos\laboratorio 1 SE\libcoreArduinoUno161.a(wiring.c.o)
 .text.delayMicroseconds
                0x00000000       0x14 D:\Usuario\Escritorio\Sistemas Embebidos\laboratorio 1 SE\libcoreArduinoUno161.a(wiring.c.o)
 .text          0x00000000        0x0 D:\Usuario\Escritorio\Sistemas Embebidos\laboratorio 1 SE\libcoreArduinoUno161.a(wiring_digital.c.o)
 .data          0x00000000        0x0 D:\Usuario\Escritorio\Sistemas Embebidos\laboratorio 1 SE\libcoreArduinoUno161.a(wiring_digital.c.o)
 .bss           0x00000000        0x0 D:\Usuario\Escritorio\Sistemas Embebidos\laboratorio 1 SE\libcoreArduinoUno161.a(wiring_digital.c.o)
 .text.digitalRead
                0x00000000       0x52 D:\Usuario\Escritorio\Sistemas Embebidos\laboratorio 1 SE\libcoreArduinoUno161.a(wiring_digital.c.o)
 .progmem.data.port_to_input_PGM
                0x00000000        0xa D:\Usuario\Escritorio\Sistemas Embebidos\laboratorio 1 SE\libcoreArduinoUno161.a(wiring_digital.c.o)
 .group         0x00000000        0x8 D:\Usuario\Escritorio\Sistemas Embebidos\laboratorio 1 SE\libcoreArduinoUno161.a(HardwareSerial.cpp.o)
 .text          0x00000000        0x0 D:\Usuario\Escritorio\Sistemas Embebidos\laboratorio 1 SE\libcoreArduinoUno161.a(HardwareSerial.cpp.o)
 .data          0x00000000        0x0 D:\Usuario\Escritorio\Sistemas Embebidos\laboratorio 1 SE\libcoreArduinoUno161.a(HardwareSerial.cpp.o)
 .bss           0x00000000        0x0 D:\Usuario\Escritorio\Sistemas Embebidos\laboratorio 1 SE\libcoreArduinoUno161.a(HardwareSerial.cpp.o)
 .text._ZN14HardwareSerial3endEv
                0x00000000       0x38 D:\Usuario\Escritorio\Sistemas Embebidos\laboratorio 1 SE\libcoreArduinoUno161.a(HardwareSerial.cpp.o)
 .text._ZN14HardwareSerial17availableForWriteEv
                0x00000000       0x1e D:\Usuario\Escritorio\Sistemas Embebidos\laboratorio 1 SE\libcoreArduinoUno161.a(HardwareSerial.cpp.o)
 .text          0x00000000        0x0 D:\Usuario\Escritorio\Sistemas Embebidos\laboratorio 1 SE\libcoreArduinoUno161.a(HardwareSerial0.cpp.o)
 .data          0x00000000        0x0 D:\Usuario\Escritorio\Sistemas Embebidos\laboratorio 1 SE\libcoreArduinoUno161.a(HardwareSerial0.cpp.o)
 .bss           0x00000000        0x0 D:\Usuario\Escritorio\Sistemas Embebidos\laboratorio 1 SE\libcoreArduinoUno161.a(HardwareSerial0.cpp.o)
 .text          0x00000000        0x0 D:\Usuario\Escritorio\Sistemas Embebidos\laboratorio 1 SE\libcoreArduinoUno161.a(main.cpp.o)
 .data          0x00000000        0x0 D:\Usuario\Escritorio\Sistemas Embebidos\laboratorio 1 SE\libcoreArduinoUno161.a(main.cpp.o)
 .bss           0x00000000        0x0 D:\Usuario\Escritorio\Sistemas Embebidos\laboratorio 1 SE\libcoreArduinoUno161.a(main.cpp.o)
 .text.atexit   0x00000000        0x6 D:\Usuario\Escritorio\Sistemas Embebidos\laboratorio 1 SE\libcoreArduinoUno161.a(main.cpp.o)
 .group         0x00000000        0x8 D:\Usuario\Escritorio\Sistemas Embebidos\laboratorio 1 SE\libcoreArduinoUno161.a(Print.cpp.o)
 .group         0x00000000        0x8 D:\Usuario\Escritorio\Sistemas Embebidos\laboratorio 1 SE\libcoreArduinoUno161.a(Print.cpp.o)
 .text          0x00000000        0x0 D:\Usuario\Escritorio\Sistemas Embebidos\laboratorio 1 SE\libcoreArduinoUno161.a(Print.cpp.o)
 .data          0x00000000        0x0 D:\Usuario\Escritorio\Sistemas Embebidos\laboratorio 1 SE\libcoreArduinoUno161.a(Print.cpp.o)
 .bss           0x00000000        0x0 D:\Usuario\Escritorio\Sistemas Embebidos\laboratorio 1 SE\libcoreArduinoUno161.a(Print.cpp.o)
 .text._ZN5Print5printEPK19__FlashStringHelper
                0x00000000       0x4a D:\Usuario\Escritorio\Sistemas Embebidos\laboratorio 1 SE\libcoreArduinoUno161.a(Print.cpp.o)
 .text._ZN5Print5printERK6String
                0x00000000       0x1c D:\Usuario\Escritorio\Sistemas Embebidos\laboratorio 1 SE\libcoreArduinoUno161.a(Print.cpp.o)
 .text._ZN5Print5printEPKc
                0x00000000        0x4 D:\Usuario\Escritorio\Sistemas Embebidos\laboratorio 1 SE\libcoreArduinoUno161.a(Print.cpp.o)
 .text._ZN5Print5printERK9Printable
                0x00000000       0x14 D:\Usuario\Escritorio\Sistemas Embebidos\laboratorio 1 SE\libcoreArduinoUno161.a(Print.cpp.o)
 .text._ZN5Print7printlnEPK19__FlashStringHelper
                0x00000000       0x24 D:\Usuario\Escritorio\Sistemas Embebidos\laboratorio 1 SE\libcoreArduinoUno161.a(Print.cpp.o)
 .text._ZN5Print7printlnERK6String
                0x00000000       0x24 D:\Usuario\Escritorio\Sistemas Embebidos\laboratorio 1 SE\libcoreArduinoUno161.a(Print.cpp.o)
 .text._ZN5Print7printlnEc
                0x00000000       0x24 D:\Usuario\Escritorio\Sistemas Embebidos\laboratorio 1 SE\libcoreArduinoUno161.a(Print.cpp.o)
 .text._ZN5Print7printlnERK9Printable
                0x00000000       0x24 D:\Usuario\Escritorio\Sistemas Embebidos\laboratorio 1 SE\libcoreArduinoUno161.a(Print.cpp.o)
 .text._ZN5Print11printNumberEmh
                0x00000000       0xb2 D:\Usuario\Escritorio\Sistemas Embebidos\laboratorio 1 SE\libcoreArduinoUno161.a(Print.cpp.o)
 .text._ZN5Print5printEli
                0x00000000       0x94 D:\Usuario\Escritorio\Sistemas Embebidos\laboratorio 1 SE\libcoreArduinoUno161.a(Print.cpp.o)
 .text._ZN5Print5printEii
                0x00000000       0x10 D:\Usuario\Escritorio\Sistemas Embebidos\laboratorio 1 SE\libcoreArduinoUno161.a(Print.cpp.o)
 .text._ZN5Print7printlnEii
                0x00000000       0x30 D:\Usuario\Escritorio\Sistemas Embebidos\laboratorio 1 SE\libcoreArduinoUno161.a(Print.cpp.o)
 .text._ZN5Print7printlnEli
                0x00000000       0x24 D:\Usuario\Escritorio\Sistemas Embebidos\laboratorio 1 SE\libcoreArduinoUno161.a(Print.cpp.o)
 .text._ZN5Print5printEmi
                0x00000000       0x1a D:\Usuario\Escritorio\Sistemas Embebidos\laboratorio 1 SE\libcoreArduinoUno161.a(Print.cpp.o)
 .text._ZN5Print5printEhi
                0x00000000        0xe D:\Usuario\Escritorio\Sistemas Embebidos\laboratorio 1 SE\libcoreArduinoUno161.a(Print.cpp.o)
 .text._ZN5Print7printlnEhi
                0x00000000       0x2e D:\Usuario\Escritorio\Sistemas Embebidos\laboratorio 1 SE\libcoreArduinoUno161.a(Print.cpp.o)
 .text._ZN5Print5printEji
                0x00000000        0xc D:\Usuario\Escritorio\Sistemas Embebidos\laboratorio 1 SE\libcoreArduinoUno161.a(Print.cpp.o)
 .text._ZN5Print7printlnEji
                0x00000000       0x2c D:\Usuario\Escritorio\Sistemas Embebidos\laboratorio 1 SE\libcoreArduinoUno161.a(Print.cpp.o)
 .text._ZN5Print7printlnEmi
                0x00000000       0x24 D:\Usuario\Escritorio\Sistemas Embebidos\laboratorio 1 SE\libcoreArduinoUno161.a(Print.cpp.o)
 .rodata.str1.1
                0x00000000        0xe D:\Usuario\Escritorio\Sistemas Embebidos\laboratorio 1 SE\libcoreArduinoUno161.a(Print.cpp.o)
 .text._ZN5Print10printFloatEdh
                0x00000000      0x1d6 D:\Usuario\Escritorio\Sistemas Embebidos\laboratorio 1 SE\libcoreArduinoUno161.a(Print.cpp.o)
 .text._ZN5Print5printEdi
                0x00000000        0x4 D:\Usuario\Escritorio\Sistemas Embebidos\laboratorio 1 SE\libcoreArduinoUno161.a(Print.cpp.o)
 .text._ZN5Print7printlnEdi
                0x00000000       0x24 D:\Usuario\Escritorio\Sistemas Embebidos\laboratorio 1 SE\libcoreArduinoUno161.a(Print.cpp.o)
 .rodata._ZTV5Print
                0x00000000        0x8 D:\Usuario\Escritorio\Sistemas Embebidos\laboratorio 1 SE\libcoreArduinoUno161.a(Print.cpp.o)
 .text          0x00000000        0x0 D:\Usuario\Escritorio\Sistemas Embebidos\laboratorio 1 SE\libcoreArduinoUno161.a(hooks.c.o)
 .data          0x00000000        0x0 D:\Usuario\Escritorio\Sistemas Embebidos\laboratorio 1 SE\libcoreArduinoUno161.a(hooks.c.o)
 .bss           0x00000000        0x0 D:\Usuario\Escritorio\Sistemas Embebidos\laboratorio 1 SE\libcoreArduinoUno161.a(hooks.c.o)
 .text          0x00000000        0x0 D:\Usuario\Escritorio\Sistemas Embebidos\laboratorio 1 SE\libcoreArduinoUno161.a(abi.cpp.o)
 .data          0x00000000        0x0 D:\Usuario\Escritorio\Sistemas Embebidos\laboratorio 1 SE\libcoreArduinoUno161.a(abi.cpp.o)
 .bss           0x00000000        0x0 D:\Usuario\Escritorio\Sistemas Embebidos\laboratorio 1 SE\libcoreArduinoUno161.a(abi.cpp.o)
 .text.__cxa_pure_virtual
                0x00000000        0x4 D:\Usuario\Escritorio\Sistemas Embebidos\laboratorio 1 SE\libcoreArduinoUno161.a(abi.cpp.o)
 .text.__cxa_deleted_virtual
                0x00000000        0x4 D:\Usuario\Escritorio\Sistemas Embebidos\laboratorio 1 SE\libcoreArduinoUno161.a(abi.cpp.o)
 .debug_info    0x00000000       0x8a D:\Usuario\Escritorio\Sistemas Embebidos\laboratorio 1 SE\libcoreArduinoUno161.a(abi.cpp.o)
 .debug_abbrev  0x00000000       0x5c D:\Usuario\Escritorio\Sistemas Embebidos\laboratorio 1 SE\libcoreArduinoUno161.a(abi.cpp.o)
 .debug_aranges
                0x00000000       0x28 D:\Usuario\Escritorio\Sistemas Embebidos\laboratorio 1 SE\libcoreArduinoUno161.a(abi.cpp.o)
 .debug_ranges  0x00000000       0x18 D:\Usuario\Escritorio\Sistemas Embebidos\laboratorio 1 SE\libcoreArduinoUno161.a(abi.cpp.o)
 .debug_line    0x00000000       0xd6 D:\Usuario\Escritorio\Sistemas Embebidos\laboratorio 1 SE\libcoreArduinoUno161.a(abi.cpp.o)
 .debug_str     0x00000000      0x122 D:\Usuario\Escritorio\Sistemas Embebidos\laboratorio 1 SE\libcoreArduinoUno161.a(abi.cpp.o)
 .comment       0x00000000       0x12 D:\Usuario\Escritorio\Sistemas Embebidos\laboratorio 1 SE\libcoreArduinoUno161.a(abi.cpp.o)
 .debug_frame   0x00000000       0x34 D:\Usuario\Escritorio\Sistemas Embebidos\laboratorio 1 SE\libcoreArduinoUno161.a(abi.cpp.o)
 .text          0x00000000        0x0 c:/program files (x86)/atmel/studio/7.0/toolchain/avr8/avr8-gnu-toolchain/bin/../lib/gcc/avr/5.4.0/../../../../avr/lib/avr5\libm.a(addsf3.o)
 .data          0x00000000        0x0 c:/program files (x86)/atmel/studio/7.0/toolchain/avr8/avr8-gnu-toolchain/bin/../lib/gcc/avr/5.4.0/../../../../avr/lib/avr5\libm.a(addsf3.o)
 .bss           0x00000000        0x0 c:/program files (x86)/atmel/studio/7.0/toolchain/avr8/avr8-gnu-toolchain/bin/../lib/gcc/avr/5.4.0/../../../../avr/lib/avr5\libm.a(addsf3.o)
 .text.avr-libc.fplib
                0x00000000        0xe c:/program files (x86)/atmel/studio/7.0/toolchain/avr8/avr8-gnu-toolchain/bin/../lib/gcc/avr/5.4.0/../../../../avr/lib/avr5\libm.a(addsf3.o)
 .text          0x00000000        0x0 c:/program files (x86)/atmel/studio/7.0/toolchain/avr8/avr8-gnu-toolchain/bin/../lib/gcc/avr/5.4.0/../../../../avr/lib/avr5\libm.a(addsf3x.o)
 .data          0x00000000        0x0 c:/program files (x86)/atmel/studio/7.0/toolchain/avr8/avr8-gnu-toolchain/bin/../lib/gcc/avr/5.4.0/../../../../avr/lib/avr5\libm.a(addsf3x.o)
 .bss           0x00000000        0x0 c:/program files (x86)/atmel/studio/7.0/toolchain/avr8/avr8-gnu-toolchain/bin/../lib/gcc/avr/5.4.0/../../../../avr/lib/avr5\libm.a(addsf3x.o)
 .text.avr-libc.fplib
                0x00000000       0xcc c:/program files (x86)/atmel/studio/7.0/toolchain/avr8/avr8-gnu-toolchain/bin/../lib/gcc/avr/5.4.0/../../../../avr/lib/avr5\libm.a(addsf3x.o)
 .text          0x00000000        0x0 c:/program files (x86)/atmel/studio/7.0/toolchain/avr8/avr8-gnu-toolchain/bin/../lib/gcc/avr/5.4.0/../../../../avr/lib/avr5\libm.a(cmpsf2.o)
 .data          0x00000000        0x0 c:/program files (x86)/atmel/studio/7.0/toolchain/avr8/avr8-gnu-toolchain/bin/../lib/gcc/avr/5.4.0/../../../../avr/lib/avr5\libm.a(cmpsf2.o)
 .bss           0x00000000        0x0 c:/program files (x86)/atmel/studio/7.0/toolchain/avr8/avr8-gnu-toolchain/bin/../lib/gcc/avr/5.4.0/../../../../avr/lib/avr5\libm.a(cmpsf2.o)
 .text.avr-libc.fplib
                0x00000000        0xa c:/program files (x86)/atmel/studio/7.0/toolchain/avr8/avr8-gnu-toolchain/bin/../lib/gcc/avr/5.4.0/../../../../avr/lib/avr5\libm.a(cmpsf2.o)
 .text          0x00000000        0x0 c:/program files (x86)/atmel/studio/7.0/toolchain/avr8/avr8-gnu-toolchain/bin/../lib/gcc/avr/5.4.0/../../../../avr/lib/avr5\libm.a(divsf3.o)
 .data          0x00000000        0x0 c:/program files (x86)/atmel/studio/7.0/toolchain/avr8/avr8-gnu-toolchain/bin/../lib/gcc/avr/5.4.0/../../../../avr/lib/avr5\libm.a(divsf3.o)
 .bss           0x00000000        0x0 c:/program files (x86)/atmel/studio/7.0/toolchain/avr8/avr8-gnu-toolchain/bin/../lib/gcc/avr/5.4.0/../../../../avr/lib/avr5\libm.a(divsf3.o)
 .text.avr-libc.fplib
                0x00000000        0x8 c:/program files (x86)/atmel/studio/7.0/toolchain/avr8/avr8-gnu-toolchain/bin/../lib/gcc/avr/5.4.0/../../../../avr/lib/avr5\libm.a(divsf3.o)
 .text          0x00000000        0x0 c:/program files (x86)/atmel/studio/7.0/toolchain/avr8/avr8-gnu-toolchain/bin/../lib/gcc/avr/5.4.0/../../../../avr/lib/avr5\libm.a(divsf3x.o)
 .data          0x00000000        0x0 c:/program files (x86)/atmel/studio/7.0/toolchain/avr8/avr8-gnu-toolchain/bin/../lib/gcc/avr/5.4.0/../../../../avr/lib/avr5\libm.a(divsf3x.o)
 .bss           0x00000000        0x0 c:/program files (x86)/atmel/studio/7.0/toolchain/avr8/avr8-gnu-toolchain/bin/../lib/gcc/avr/5.4.0/../../../../avr/lib/avr5\libm.a(divsf3x.o)
 .text.avr-libc.fplib
                0x00000000       0xdc c:/program files (x86)/atmel/studio/7.0/toolchain/avr8/avr8-gnu-toolchain/bin/../lib/gcc/avr/5.4.0/../../../../avr/lib/avr5\libm.a(divsf3x.o)
 .text          0x00000000        0x0 c:/program files (x86)/atmel/studio/7.0/toolchain/avr8/avr8-gnu-toolchain/bin/../lib/gcc/avr/5.4.0/../../../../avr/lib/avr5\libm.a(fixsfsi.o)
 .data          0x00000000        0x0 c:/program files (x86)/atmel/studio/7.0/toolchain/avr8/avr8-gnu-toolchain/bin/../lib/gcc/avr/5.4.0/../../../../avr/lib/avr5\libm.a(fixsfsi.o)
 .bss           0x00000000        0x0 c:/program files (x86)/atmel/studio/7.0/toolchain/avr8/avr8-gnu-toolchain/bin/../lib/gcc/avr/5.4.0/../../../../avr/lib/avr5\libm.a(fixsfsi.o)
 .text.avr-libc.fplib
                0x00000000        0xe c:/program files (x86)/atmel/studio/7.0/toolchain/avr8/avr8-gnu-toolchain/bin/../lib/gcc/avr/5.4.0/../../../../avr/lib/avr5\libm.a(fixsfsi.o)
 .text          0x00000000        0x0 c:/program files (x86)/atmel/studio/7.0/toolchain/avr8/avr8-gnu-toolchain/bin/../lib/gcc/avr/5.4.0/../../../../avr/lib/avr5\libm.a(fixunssfsi.o)
 .data          0x00000000        0x0 c:/program files (x86)/atmel/studio/7.0/toolchain/avr8/avr8-gnu-toolchain/bin/../lib/gcc/avr/5.4.0/../../../../avr/lib/avr5\libm.a(fixunssfsi.o)
 .bss           0x00000000        0x0 c:/program files (x86)/atmel/studio/7.0/toolchain/avr8/avr8-gnu-toolchain/bin/../lib/gcc/avr/5.4.0/../../../../avr/lib/avr5\libm.a(fixunssfsi.o)
 .text.avr-libc.fplib
                0x00000000       0x5e c:/program files (x86)/atmel/studio/7.0/toolchain/avr8/avr8-gnu-toolchain/bin/../lib/gcc/avr/5.4.0/../../../../avr/lib/avr5\libm.a(fixunssfsi.o)
 .text          0x00000000        0x0 c:/program files (x86)/atmel/studio/7.0/toolchain/avr8/avr8-gnu-toolchain/bin/../lib/gcc/avr/5.4.0/../../../../avr/lib/avr5\libm.a(floatsisf.o)
 .data          0x00000000        0x0 c:/program files (x86)/atmel/studio/7.0/toolchain/avr8/avr8-gnu-toolchain/bin/../lib/gcc/avr/5.4.0/../../../../avr/lib/avr5\libm.a(floatsisf.o)
 .bss           0x00000000        0x0 c:/program files (x86)/atmel/studio/7.0/toolchain/avr8/avr8-gnu-toolchain/bin/../lib/gcc/avr/5.4.0/../../../../avr/lib/avr5\libm.a(floatsisf.o)
 .text.avr-libc.fplib
                0x00000000       0x7a c:/program files (x86)/atmel/studio/7.0/toolchain/avr8/avr8-gnu-toolchain/bin/../lib/gcc/avr/5.4.0/../../../../avr/lib/avr5\libm.a(floatsisf.o)
 .text          0x00000000        0x0 c:/program files (x86)/atmel/studio/7.0/toolchain/avr8/avr8-gnu-toolchain/bin/../lib/gcc/avr/5.4.0/../../../../avr/lib/avr5\libm.a(fp_cmp.o)
 .data          0x00000000        0x0 c:/program files (x86)/atmel/studio/7.0/toolchain/avr8/avr8-gnu-toolchain/bin/../lib/gcc/avr/5.4.0/../../../../avr/lib/avr5\libm.a(fp_cmp.o)
 .bss           0x00000000        0x0 c:/program files (x86)/atmel/studio/7.0/toolchain/avr8/avr8-gnu-toolchain/bin/../lib/gcc/avr/5.4.0/../../../../avr/lib/avr5\libm.a(fp_cmp.o)
 .text.avr-libc.fplib
                0x00000000       0x48 c:/program files (x86)/atmel/studio/7.0/toolchain/avr8/avr8-gnu-toolchain/bin/../lib/gcc/avr/5.4.0/../../../../avr/lib/avr5\libm.a(fp_cmp.o)
 .text          0x00000000        0x0 c:/program files (x86)/atmel/studio/7.0/toolchain/avr8/avr8-gnu-toolchain/bin/../lib/gcc/avr/5.4.0/../../../../avr/lib/avr5\libm.a(fp_inf.o)
 .data          0x00000000        0x0 c:/program files (x86)/atmel/studio/7.0/toolchain/avr8/avr8-gnu-toolchain/bin/../lib/gcc/avr/5.4.0/../../../../avr/lib/avr5\libm.a(fp_inf.o)
 .bss           0x00000000        0x0 c:/program files (x86)/atmel/studio/7.0/toolchain/avr8/avr8-gnu-toolchain/bin/../lib/gcc/avr/5.4.0/../../../../avr/lib/avr5\libm.a(fp_inf.o)
 .text.avr-libc.fplib
                0x00000000        0xc c:/program files (x86)/atmel/studio/7.0/toolchain/avr8/avr8-gnu-toolchain/bin/../lib/gcc/avr/5.4.0/../../../../avr/lib/avr5\libm.a(fp_inf.o)
 .text          0x00000000        0x0 c:/program files (x86)/atmel/studio/7.0/toolchain/avr8/avr8-gnu-toolchain/bin/../lib/gcc/avr/5.4.0/../../../../avr/lib/avr5\libm.a(fp_nan.o)
 .data          0x00000000        0x0 c:/program files (x86)/atmel/studio/7.0/toolchain/avr8/avr8-gnu-toolchain/bin/../lib/gcc/avr/5.4.0/../../../../avr/lib/avr5\libm.a(fp_nan.o)
 .bss           0x00000000        0x0 c:/program files (x86)/atmel/studio/7.0/toolchain/avr8/avr8-gnu-toolchain/bin/../lib/gcc/avr/5.4.0/../../../../avr/lib/avr5\libm.a(fp_nan.o)
 .text.avr-libc.fplib
                0x00000000        0x6 c:/program files (x86)/atmel/studio/7.0/toolchain/avr8/avr8-gnu-toolchain/bin/../lib/gcc/avr/5.4.0/../../../../avr/lib/avr5\libm.a(fp_nan.o)
 .text          0x00000000        0x0 c:/program files (x86)/atmel/studio/7.0/toolchain/avr8/avr8-gnu-toolchain/bin/../lib/gcc/avr/5.4.0/../../../../avr/lib/avr5\libm.a(fp_pscA.o)
 .data          0x00000000        0x0 c:/program files (x86)/atmel/studio/7.0/toolchain/avr8/avr8-gnu-toolchain/bin/../lib/gcc/avr/5.4.0/../../../../avr/lib/avr5\libm.a(fp_pscA.o)
 .bss           0x00000000        0x0 c:/program files (x86)/atmel/studio/7.0/toolchain/avr8/avr8-gnu-toolchain/bin/../lib/gcc/avr/5.4.0/../../../../avr/lib/avr5\libm.a(fp_pscA.o)
 .text.avr-libc.fplib
                0x00000000        0xe c:/program files (x86)/atmel/studio/7.0/toolchain/avr8/avr8-gnu-toolchain/bin/../lib/gcc/avr/5.4.0/../../../../avr/lib/avr5\libm.a(fp_pscA.o)
 .text          0x00000000        0x0 c:/program files (x86)/atmel/studio/7.0/toolchain/avr8/avr8-gnu-toolchain/bin/../lib/gcc/avr/5.4.0/../../../../avr/lib/avr5\libm.a(fp_pscB.o)
 .data          0x00000000        0x0 c:/program files (x86)/atmel/studio/7.0/toolchain/avr8/avr8-gnu-toolchain/bin/../lib/gcc/avr/5.4.0/../../../../avr/lib/avr5\libm.a(fp_pscB.o)
 .bss           0x00000000        0x0 c:/program files (x86)/atmel/studio/7.0/toolchain/avr8/avr8-gnu-toolchain/bin/../lib/gcc/avr/5.4.0/../../../../avr/lib/avr5\libm.a(fp_pscB.o)
 .text.avr-libc.fplib
                0x00000000        0xe c:/program files (x86)/atmel/studio/7.0/toolchain/avr8/avr8-gnu-toolchain/bin/../lib/gcc/avr/5.4.0/../../../../avr/lib/avr5\libm.a(fp_pscB.o)
 .text          0x00000000        0x0 c:/program files (x86)/atmel/studio/7.0/toolchain/avr8/avr8-gnu-toolchain/bin/../lib/gcc/avr/5.4.0/../../../../avr/lib/avr5\libm.a(fp_round.o)
 .data          0x00000000        0x0 c:/program files (x86)/atmel/studio/7.0/toolchain/avr8/avr8-gnu-toolchain/bin/../lib/gcc/avr/5.4.0/../../../../avr/lib/avr5\libm.a(fp_round.o)
 .bss           0x00000000        0x0 c:/program files (x86)/atmel/studio/7.0/toolchain/avr8/avr8-gnu-toolchain/bin/../lib/gcc/avr/5.4.0/../../../../avr/lib/avr5\libm.a(fp_round.o)
 .text.avr-libc.fplib
                0x00000000       0x22 c:/program files (x86)/atmel/studio/7.0/toolchain/avr8/avr8-gnu-toolchain/bin/../lib/gcc/avr/5.4.0/../../../../avr/lib/avr5\libm.a(fp_round.o)
 .text          0x00000000        0x0 c:/program files (x86)/atmel/studio/7.0/toolchain/avr8/avr8-gnu-toolchain/bin/../lib/gcc/avr/5.4.0/../../../../avr/lib/avr5\libm.a(fp_split3.o)
 .data          0x00000000        0x0 c:/program files (x86)/atmel/studio/7.0/toolchain/avr8/avr8-gnu-toolchain/bin/../lib/gcc/avr/5.4.0/../../../../avr/lib/avr5\libm.a(fp_split3.o)
 .bss           0x00000000        0x0 c:/program files (x86)/atmel/studio/7.0/toolchain/avr8/avr8-gnu-toolchain/bin/../lib/gcc/avr/5.4.0/../../../../avr/lib/avr5\libm.a(fp_split3.o)
 .text.avr-libc.fplib
                0x00000000       0x44 c:/program files (x86)/atmel/studio/7.0/toolchain/avr8/avr8-gnu-toolchain/bin/../lib/gcc/avr/5.4.0/../../../../avr/lib/avr5\libm.a(fp_split3.o)
 .text          0x00000000        0x0 c:/program files (x86)/atmel/studio/7.0/toolchain/avr8/avr8-gnu-toolchain/bin/../lib/gcc/avr/5.4.0/../../../../avr/lib/avr5\libm.a(fp_zero.o)
 .data          0x00000000        0x0 c:/program files (x86)/atmel/studio/7.0/toolchain/avr8/avr8-gnu-toolchain/bin/../lib/gcc/avr/5.4.0/../../../../avr/lib/avr5\libm.a(fp_zero.o)
 .bss           0x00000000        0x0 c:/program files (x86)/atmel/studio/7.0/toolchain/avr8/avr8-gnu-toolchain/bin/../lib/gcc/avr/5.4.0/../../../../avr/lib/avr5\libm.a(fp_zero.o)
 .text.avr-libc.fplib
                0x00000000        0xe c:/program files (x86)/atmel/studio/7.0/toolchain/avr8/avr8-gnu-toolchain/bin/../lib/gcc/avr/5.4.0/../../../../avr/lib/avr5\libm.a(fp_zero.o)
 .text          0x00000000        0x0 c:/program files (x86)/atmel/studio/7.0/toolchain/avr8/avr8-gnu-toolchain/bin/../lib/gcc/avr/5.4.0/../../../../avr/lib/avr5\libm.a(gesf2.o)
 .data          0x00000000        0x0 c:/program files (x86)/atmel/studio/7.0/toolchain/avr8/avr8-gnu-toolchain/bin/../lib/gcc/avr/5.4.0/../../../../avr/lib/avr5\libm.a(gesf2.o)
 .bss           0x00000000        0x0 c:/program files (x86)/atmel/studio/7.0/toolchain/avr8/avr8-gnu-toolchain/bin/../lib/gcc/avr/5.4.0/../../../../avr/lib/avr5\libm.a(gesf2.o)
 .text.avr-libc.fplib
                0x00000000        0xa c:/program files (x86)/atmel/studio/7.0/toolchain/avr8/avr8-gnu-toolchain/bin/../lib/gcc/avr/5.4.0/../../../../avr/lib/avr5\libm.a(gesf2.o)
 .text          0x00000000        0x0 c:/program files (x86)/atmel/studio/7.0/toolchain/avr8/avr8-gnu-toolchain/bin/../lib/gcc/avr/5.4.0/../../../../avr/lib/avr5\libm.a(mulsf3.o)
 .data          0x00000000        0x0 c:/program files (x86)/atmel/studio/7.0/toolchain/avr8/avr8-gnu-toolchain/bin/../lib/gcc/avr/5.4.0/../../../../avr/lib/avr5\libm.a(mulsf3.o)
 .bss           0x00000000        0x0 c:/program files (x86)/atmel/studio/7.0/toolchain/avr8/avr8-gnu-toolchain/bin/../lib/gcc/avr/5.4.0/../../../../avr/lib/avr5\libm.a(mulsf3.o)
 .text.avr-libc.fplib
                0x00000000        0x8 c:/program files (x86)/atmel/studio/7.0/toolchain/avr8/avr8-gnu-toolchain/bin/../lib/gcc/avr/5.4.0/../../../../avr/lib/avr5\libm.a(mulsf3.o)
 .text          0x00000000        0x0 c:/program files (x86)/atmel/studio/7.0/toolchain/avr8/avr8-gnu-toolchain/bin/../lib/gcc/avr/5.4.0/../../../../avr/lib/avr5\libm.a(mulsf3x.o)
 .data          0x00000000        0x0 c:/program files (x86)/atmel/studio/7.0/toolchain/avr8/avr8-gnu-toolchain/bin/../lib/gcc/avr/5.4.0/../../../../avr/lib/avr5\libm.a(mulsf3x.o)
 .bss           0x00000000        0x0 c:/program files (x86)/atmel/studio/7.0/toolchain/avr8/avr8-gnu-toolchain/bin/../lib/gcc/avr/5.4.0/../../../../avr/lib/avr5\libm.a(mulsf3x.o)
 .text.avr-libc.fplib
                0x00000000       0xd2 c:/program files (x86)/atmel/studio/7.0/toolchain/avr8/avr8-gnu-toolchain/bin/../lib/gcc/avr/5.4.0/../../../../avr/lib/avr5\libm.a(mulsf3x.o)
 .text          0x00000000        0x0 c:/program files (x86)/atmel/studio/7.0/toolchain/avr8/avr8-gnu-toolchain/bin/../lib/gcc/avr/5.4.0/../../../../avr/lib/avr5\libm.a(unordsf2.o)
 .data          0x00000000        0x0 c:/program files (x86)/atmel/studio/7.0/toolchain/avr8/avr8-gnu-toolchain/bin/../lib/gcc/avr/5.4.0/../../../../avr/lib/avr5\libm.a(unordsf2.o)
 .bss           0x00000000        0x0 c:/program files (x86)/atmel/studio/7.0/toolchain/avr8/avr8-gnu-toolchain/bin/../lib/gcc/avr/5.4.0/../../../../avr/lib/avr5\libm.a(unordsf2.o)
 .text.avr-libc.fplib
                0x00000000        0xa c:/program files (x86)/atmel/studio/7.0/toolchain/avr8/avr8-gnu-toolchain/bin/../lib/gcc/avr/5.4.0/../../../../avr/lib/avr5\libm.a(unordsf2.o)
 .text          0x00000000        0x0 c:/program files (x86)/atmel/studio/7.0/toolchain/avr8/avr8-gnu-toolchain/bin/../lib/gcc/avr/5.4.0/avr5\libgcc.a(_divmodhi4.o)
 .data          0x00000000        0x0 c:/program files (x86)/atmel/studio/7.0/toolchain/avr8/avr8-gnu-toolchain/bin/../lib/gcc/avr/5.4.0/avr5\libgcc.a(_divmodhi4.o)
 .bss           0x00000000        0x0 c:/program files (x86)/atmel/studio/7.0/toolchain/avr8/avr8-gnu-toolchain/bin/../lib/gcc/avr/5.4.0/avr5\libgcc.a(_divmodhi4.o)
 .text.libgcc.mul
                0x00000000        0x0 c:/program files (x86)/atmel/studio/7.0/toolchain/avr8/avr8-gnu-toolchain/bin/../lib/gcc/avr/5.4.0/avr5\libgcc.a(_divmodhi4.o)
 .text.libgcc   0x00000000        0x0 c:/program files (x86)/atmel/studio/7.0/toolchain/avr8/avr8-gnu-toolchain/bin/../lib/gcc/avr/5.4.0/avr5\libgcc.a(_divmodhi4.o)
 .text.libgcc.prologue
                0x00000000        0x0 c:/program files (x86)/atmel/studio/7.0/toolchain/avr8/avr8-gnu-toolchain/bin/../lib/gcc/avr/5.4.0/avr5\libgcc.a(_divmodhi4.o)
 .text.libgcc.builtins
                0x00000000        0x0 c:/program files (x86)/atmel/studio/7.0/toolchain/avr8/avr8-gnu-toolchain/bin/../lib/gcc/avr/5.4.0/avr5\libgcc.a(_divmodhi4.o)
 .text.libgcc.fmul
                0x00000000        0x0 c:/program files (x86)/atmel/studio/7.0/toolchain/avr8/avr8-gnu-toolchain/bin/../lib/gcc/avr/5.4.0/avr5\libgcc.a(_divmodhi4.o)
 .text.libgcc.fixed
                0x00000000        0x0 c:/program files (x86)/atmel/studio/7.0/toolchain/avr8/avr8-gnu-toolchain/bin/../lib/gcc/avr/5.4.0/avr5\libgcc.a(_divmodhi4.o)
 .text          0x00000000        0x0 c:/program files (x86)/atmel/studio/7.0/toolchain/avr8/avr8-gnu-toolchain/bin/../lib/gcc/avr/5.4.0/avr5\libgcc.a(_udivmodsi4.o)
 .data          0x00000000        0x0 c:/program files (x86)/atmel/studio/7.0/toolchain/avr8/avr8-gnu-toolchain/bin/../lib/gcc/avr/5.4.0/avr5\libgcc.a(_udivmodsi4.o)
 .bss           0x00000000        0x0 c:/program files (x86)/atmel/studio/7.0/toolchain/avr8/avr8-gnu-toolchain/bin/../lib/gcc/avr/5.4.0/avr5\libgcc.a(_udivmodsi4.o)
 .text.libgcc.mul
                0x00000000        0x0 c:/program files (x86)/atmel/studio/7.0/toolchain/avr8/avr8-gnu-toolchain/bin/../lib/gcc/avr/5.4.0/avr5\libgcc.a(_udivmodsi4.o)
 .text.libgcc   0x00000000        0x0 c:/program files (x86)/atmel/studio/7.0/toolchain/avr8/avr8-gnu-toolchain/bin/../lib/gcc/avr/5.4.0/avr5\libgcc.a(_udivmodsi4.o)
 .text.libgcc.prologue
                0x00000000        0x0 c:/program files (x86)/atmel/studio/7.0/toolchain/avr8/avr8-gnu-toolchain/bin/../lib/gcc/avr/5.4.0/avr5\libgcc.a(_udivmodsi4.o)
 .text.libgcc.builtins
                0x00000000        0x0 c:/program files (x86)/atmel/studio/7.0/toolchain/avr8/avr8-gnu-toolchain/bin/../lib/gcc/avr/5.4.0/avr5\libgcc.a(_udivmodsi4.o)
 .text.libgcc.fmul
                0x00000000        0x0 c:/program files (x86)/atmel/studio/7.0/toolchain/avr8/avr8-gnu-toolchain/bin/../lib/gcc/avr/5.4.0/avr5\libgcc.a(_udivmodsi4.o)
 .text.libgcc.fixed
                0x00000000        0x0 c:/program files (x86)/atmel/studio/7.0/toolchain/avr8/avr8-gnu-toolchain/bin/../lib/gcc/avr/5.4.0/avr5\libgcc.a(_udivmodsi4.o)
 .text          0x00000000        0x0 c:/program files (x86)/atmel/studio/7.0/toolchain/avr8/avr8-gnu-toolchain/bin/../lib/gcc/avr/5.4.0/avr5\libgcc.a(_exit.o)
 .data          0x00000000        0x0 c:/program files (x86)/atmel/studio/7.0/toolchain/avr8/avr8-gnu-toolchain/bin/../lib/gcc/avr/5.4.0/avr5\libgcc.a(_exit.o)
 .bss           0x00000000        0x0 c:/program files (x86)/atmel/studio/7.0/toolchain/avr8/avr8-gnu-toolchain/bin/../lib/gcc/avr/5.4.0/avr5\libgcc.a(_exit.o)
 .text.libgcc.mul
                0x00000000        0x0 c:/program files (x86)/atmel/studio/7.0/toolchain/avr8/avr8-gnu-toolchain/bin/../lib/gcc/avr/5.4.0/avr5\libgcc.a(_exit.o)
 .text.libgcc.div
                0x00000000        0x0 c:/program files (x86)/atmel/studio/7.0/toolchain/avr8/avr8-gnu-toolchain/bin/../lib/gcc/avr/5.4.0/avr5\libgcc.a(_exit.o)
 .text.libgcc   0x00000000        0x0 c:/program files (x86)/atmel/studio/7.0/toolchain/avr8/avr8-gnu-toolchain/bin/../lib/gcc/avr/5.4.0/avr5\libgcc.a(_exit.o)
 .text.libgcc.prologue
                0x00000000        0x0 c:/program files (x86)/atmel/studio/7.0/toolchain/avr8/avr8-gnu-toolchain/bin/../lib/gcc/avr/5.4.0/avr5\libgcc.a(_exit.o)
 .text.libgcc.builtins
                0x00000000        0x0 c:/program files (x86)/atmel/studio/7.0/toolchain/avr8/avr8-gnu-toolchain/bin/../lib/gcc/avr/5.4.0/avr5\libgcc.a(_exit.o)
 .text.libgcc.fmul
                0x00000000        0x0 c:/program files (x86)/atmel/studio/7.0/toolchain/avr8/avr8-gnu-toolchain/bin/../lib/gcc/avr/5.4.0/avr5\libgcc.a(_exit.o)
 .text.libgcc.fixed
                0x00000000        0x0 c:/program files (x86)/atmel/studio/7.0/toolchain/avr8/avr8-gnu-toolchain/bin/../lib/gcc/avr/5.4.0/avr5\libgcc.a(_exit.o)
 .text          0x00000000        0x0 c:/program files (x86)/atmel/studio/7.0/toolchain/avr8/avr8-gnu-toolchain/bin/../lib/gcc/avr/5.4.0/avr5\libgcc.a(_copy_data.o)
 .data          0x00000000        0x0 c:/program files (x86)/atmel/studio/7.0/toolchain/avr8/avr8-gnu-toolchain/bin/../lib/gcc/avr/5.4.0/avr5\libgcc.a(_copy_data.o)
 .bss           0x00000000        0x0 c:/program files (x86)/atmel/studio/7.0/toolchain/avr8/avr8-gnu-toolchain/bin/../lib/gcc/avr/5.4.0/avr5\libgcc.a(_copy_data.o)
 .text.libgcc.mul
                0x00000000        0x0 c:/program files (x86)/atmel/studio/7.0/toolchain/avr8/avr8-gnu-toolchain/bin/../lib/gcc/avr/5.4.0/avr5\libgcc.a(_copy_data.o)
 .text.libgcc.div
                0x00000000        0x0 c:/program files (x86)/atmel/studio/7.0/toolchain/avr8/avr8-gnu-toolchain/bin/../lib/gcc/avr/5.4.0/avr5\libgcc.a(_copy_data.o)
 .text.libgcc   0x00000000        0x0 c:/program files (x86)/atmel/studio/7.0/toolchain/avr8/avr8-gnu-toolchain/bin/../lib/gcc/avr/5.4.0/avr5\libgcc.a(_copy_data.o)
 .text.libgcc.prologue
                0x00000000        0x0 c:/program files (x86)/atmel/studio/7.0/toolchain/avr8/avr8-gnu-toolchain/bin/../lib/gcc/avr/5.4.0/avr5\libgcc.a(_copy_data.o)
 .text.libgcc.builtins
                0x00000000        0x0 c:/program files (x86)/atmel/studio/7.0/toolchain/avr8/avr8-gnu-toolchain/bin/../lib/gcc/avr/5.4.0/avr5\libgcc.a(_copy_data.o)
 .text.libgcc.fmul
                0x00000000        0x0 c:/program files (x86)/atmel/studio/7.0/toolchain/avr8/avr8-gnu-toolchain/bin/../lib/gcc/avr/5.4.0/avr5\libgcc.a(_copy_data.o)
 .text.libgcc.fixed
                0x00000000        0x0 c:/program files (x86)/atmel/studio/7.0/toolchain/avr8/avr8-gnu-toolchain/bin/../lib/gcc/avr/5.4.0/avr5\libgcc.a(_copy_data.o)
 .text          0x00000000        0x0 c:/program files (x86)/atmel/studio/7.0/toolchain/avr8/avr8-gnu-toolchain/bin/../lib/gcc/avr/5.4.0/avr5\libgcc.a(_clear_bss.o)
 .data          0x00000000        0x0 c:/program files (x86)/atmel/studio/7.0/toolchain/avr8/avr8-gnu-toolchain/bin/../lib/gcc/avr/5.4.0/avr5\libgcc.a(_clear_bss.o)
 .bss           0x00000000        0x0 c:/program files (x86)/atmel/studio/7.0/toolchain/avr8/avr8-gnu-toolchain/bin/../lib/gcc/avr/5.4.0/avr5\libgcc.a(_clear_bss.o)
 .text.libgcc.mul
                0x00000000        0x0 c:/program files (x86)/atmel/studio/7.0/toolchain/avr8/avr8-gnu-toolchain/bin/../lib/gcc/avr/5.4.0/avr5\libgcc.a(_clear_bss.o)
 .text.libgcc.div
                0x00000000        0x0 c:/program files (x86)/atmel/studio/7.0/toolchain/avr8/avr8-gnu-toolchain/bin/../lib/gcc/avr/5.4.0/avr5\libgcc.a(_clear_bss.o)
 .text.libgcc   0x00000000        0x0 c:/program files (x86)/atmel/studio/7.0/toolchain/avr8/avr8-gnu-toolchain/bin/../lib/gcc/avr/5.4.0/avr5\libgcc.a(_clear_bss.o)
 .text.libgcc.prologue
                0x00000000        0x0 c:/program files (x86)/atmel/studio/7.0/toolchain/avr8/avr8-gnu-toolchain/bin/../lib/gcc/avr/5.4.0/avr5\libgcc.a(_clear_bss.o)
 .text.libgcc.builtins
                0x00000000        0x0 c:/program files (x86)/atmel/studio/7.0/toolchain/avr8/avr8-gnu-toolchain/bin/../lib/gcc/avr/5.4.0/avr5\libgcc.a(_clear_bss.o)
 .text.libgcc.fmul
                0x00000000        0x0 c:/program files (x86)/atmel/studio/7.0/toolchain/avr8/avr8-gnu-toolchain/bin/../lib/gcc/avr/5.4.0/avr5\libgcc.a(_clear_bss.o)
 .text.libgcc.fixed
                0x00000000        0x0 c:/program files (x86)/atmel/studio/7.0/toolchain/avr8/avr8-gnu-toolchain/bin/../lib/gcc/avr/5.4.0/avr5\libgcc.a(_clear_bss.o)
 .text          0x00000000        0x0 c:/program files (x86)/atmel/studio/7.0/toolchain/avr8/avr8-gnu-toolchain/bin/../lib/gcc/avr/5.4.0/avr5\libgcc.a(_ctors.o)
 .data          0x00000000        0x0 c:/program files (x86)/atmel/studio/7.0/toolchain/avr8/avr8-gnu-toolchain/bin/../lib/gcc/avr/5.4.0/avr5\libgcc.a(_ctors.o)
 .bss           0x00000000        0x0 c:/program files (x86)/atmel/studio/7.0/toolchain/avr8/avr8-gnu-toolchain/bin/../lib/gcc/avr/5.4.0/avr5\libgcc.a(_ctors.o)
 .text.libgcc.mul
                0x00000000        0x0 c:/program files (x86)/atmel/studio/7.0/toolchain/avr8/avr8-gnu-toolchain/bin/../lib/gcc/avr/5.4.0/avr5\libgcc.a(_ctors.o)
 .text.libgcc.div
                0x00000000        0x0 c:/program files (x86)/atmel/studio/7.0/toolchain/avr8/avr8-gnu-toolchain/bin/../lib/gcc/avr/5.4.0/avr5\libgcc.a(_ctors.o)
 .text.libgcc   0x00000000        0x0 c:/program files (x86)/atmel/studio/7.0/toolchain/avr8/avr8-gnu-toolchain/bin/../lib/gcc/avr/5.4.0/avr5\libgcc.a(_ctors.o)
 .text.libgcc.prologue
                0x00000000        0x0 c:/program files (x86)/atmel/studio/7.0/toolchain/avr8/avr8-gnu-toolchain/bin/../lib/gcc/avr/5.4.0/avr5\libgcc.a(_ctors.o)
 .text.libgcc.builtins
                0x00000000        0x0 c:/program files (x86)/atmel/studio/7.0/toolchain/avr8/avr8-gnu-toolchain/bin/../lib/gcc/avr/5.4.0/avr5\libgcc.a(_ctors.o)
 .text.libgcc.fmul
                0x00000000        0x0 c:/program files (x86)/atmel/studio/7.0/toolchain/avr8/avr8-gnu-toolchain/bin/../lib/gcc/avr/5.4.0/avr5\libgcc.a(_ctors.o)
 .text.libgcc.fixed
                0x00000000        0x0 c:/program files (x86)/atmel/studio/7.0/toolchain/avr8/avr8-gnu-toolchain/bin/../lib/gcc/avr/5.4.0/avr5\libgcc.a(_ctors.o)
 .text          0x00000000        0x0 c:/program files (x86)/atmel/studio/7.0/toolchain/avr8/avr8-gnu-toolchain/bin/../lib/gcc/avr/5.4.0/avr5\libgcc.a(_udivmodhi4.o)
 .data          0x00000000        0x0 c:/program files (x86)/atmel/studio/7.0/toolchain/avr8/avr8-gnu-toolchain/bin/../lib/gcc/avr/5.4.0/avr5\libgcc.a(_udivmodhi4.o)
 .bss           0x00000000        0x0 c:/program files (x86)/atmel/studio/7.0/toolchain/avr8/avr8-gnu-toolchain/bin/../lib/gcc/avr/5.4.0/avr5\libgcc.a(_udivmodhi4.o)
 .text.libgcc.mul
                0x00000000        0x0 c:/program files (x86)/atmel/studio/7.0/toolchain/avr8/avr8-gnu-toolchain/bin/../lib/gcc/avr/5.4.0/avr5\libgcc.a(_udivmodhi4.o)
 .text.libgcc   0x00000000        0x0 c:/program files (x86)/atmel/studio/7.0/toolchain/avr8/avr8-gnu-toolchain/bin/../lib/gcc/avr/5.4.0/avr5\libgcc.a(_udivmodhi4.o)
 .text.libgcc.prologue
                0x00000000        0x0 c:/program files (x86)/atmel/studio/7.0/toolchain/avr8/avr8-gnu-toolchain/bin/../lib/gcc/avr/5.4.0/avr5\libgcc.a(_udivmodhi4.o)
 .text.libgcc.builtins
                0x00000000        0x0 c:/program files (x86)/atmel/studio/7.0/toolchain/avr8/avr8-gnu-toolchain/bin/../lib/gcc/avr/5.4.0/avr5\libgcc.a(_udivmodhi4.o)
 .text.libgcc.fmul
                0x00000000        0x0 c:/program files (x86)/atmel/studio/7.0/toolchain/avr8/avr8-gnu-toolchain/bin/../lib/gcc/avr/5.4.0/avr5\libgcc.a(_udivmodhi4.o)
 .text.libgcc.fixed
                0x00000000        0x0 c:/program files (x86)/atmel/studio/7.0/toolchain/avr8/avr8-gnu-toolchain/bin/../lib/gcc/avr/5.4.0/avr5\libgcc.a(_udivmodhi4.o)
 .text          0x00000000        0x0 c:/program files (x86)/atmel/studio/7.0/toolchain/avr8/avr8-gnu-toolchain/bin/../lib/gcc/avr/5.4.0/avr5\libgcc.a(_tablejump2.o)
 .data          0x00000000        0x0 c:/program files (x86)/atmel/studio/7.0/toolchain/avr8/avr8-gnu-toolchain/bin/../lib/gcc/avr/5.4.0/avr5\libgcc.a(_tablejump2.o)
 .bss           0x00000000        0x0 c:/program files (x86)/atmel/studio/7.0/toolchain/avr8/avr8-gnu-toolchain/bin/../lib/gcc/avr/5.4.0/avr5\libgcc.a(_tablejump2.o)
 .text.libgcc.mul
                0x00000000        0x0 c:/program files (x86)/atmel/studio/7.0/toolchain/avr8/avr8-gnu-toolchain/bin/../lib/gcc/avr/5.4.0/avr5\libgcc.a(_tablejump2.o)
 .text.libgcc.div
                0x00000000        0x0 c:/program files (x86)/atmel/studio/7.0/toolchain/avr8/avr8-gnu-toolchain/bin/../lib/gcc/avr/5.4.0/avr5\libgcc.a(_tablejump2.o)
 .text.libgcc.prologue
                0x00000000        0x0 c:/program files (x86)/atmel/studio/7.0/toolchain/avr8/avr8-gnu-toolchain/bin/../lib/gcc/avr/5.4.0/avr5\libgcc.a(_tablejump2.o)
 .text.libgcc.builtins
                0x00000000        0x0 c:/program files (x86)/atmel/studio/7.0/toolchain/avr8/avr8-gnu-toolchain/bin/../lib/gcc/avr/5.4.0/avr5\libgcc.a(_tablejump2.o)
 .text.libgcc.fmul
                0x00000000        0x0 c:/program files (x86)/atmel/studio/7.0/toolchain/avr8/avr8-gnu-toolchain/bin/../lib/gcc/avr/5.4.0/avr5\libgcc.a(_tablejump2.o)
 .text.libgcc.fixed
                0x00000000        0x0 c:/program files (x86)/atmel/studio/7.0/toolchain/avr8/avr8-gnu-toolchain/bin/../lib/gcc/avr/5.4.0/avr5\libgcc.a(_tablejump2.o)
 .text          0x00000000        0x0 c:/program files (x86)/atmel/studio/7.0/toolchain/avr8/avr8-gnu-toolchain/bin/../lib/gcc/avr/5.4.0/../../../../avr/lib/avr5\libc.a(abort.o)
 .data          0x00000000        0x0 c:/program files (x86)/atmel/studio/7.0/toolchain/avr8/avr8-gnu-toolchain/bin/../lib/gcc/avr/5.4.0/../../../../avr/lib/avr5\libc.a(abort.o)
 .bss           0x00000000        0x0 c:/program files (x86)/atmel/studio/7.0/toolchain/avr8/avr8-gnu-toolchain/bin/../lib/gcc/avr/5.4.0/../../../../avr/lib/avr5\libc.a(abort.o)
 .text.avr-libc
                0x00000000        0xa c:/program files (x86)/atmel/studio/7.0/toolchain/avr8/avr8-gnu-toolchain/bin/../lib/gcc/avr/5.4.0/../../../../avr/lib/avr5\libc.a(abort.o)

Memory Configuration

Name             Origin             Length             Attributes
text             0x00000000         0x00020000         xr
data             0x00800060         0x0000ffa0         rw !x
eeprom           0x00810000         0x00010000         rw !x
fuse             0x00820000         0x00000003         rw !x
lock             0x00830000         0x00000400         rw !x
signature        0x00840000         0x00000400         rw !x
user_signatures  0x00850000         0x00000400         rw !x
*default*        0x00000000         0xffffffff

Linker script and memory map

Address of section .data set to 0x800100
LOAD C:/Program Files (x86)/Atmel/Studio/7.0/Packs/atmel/ATmega_DFP/1.2.132/gcc/dev/atmega328p/avr5/crtatmega328p.o
LOAD main.o
START GROUP
LOAD c:/program files (x86)/atmel/studio/7.0/toolchain/avr8/avr8-gnu-toolchain/bin/../lib/gcc/avr/5.4.0/../../../../avr/lib/avr5\libm.a
LOAD D:\Usuario\Escritorio\Sistemas Embebidos\laboratorio 1 SE\libcoreArduinoUno161.a
END GROUP
LOAD c:/program files (x86)/atmel/studio/7.0/toolchain/avr8/avr8-gnu-toolchain/bin/../lib/gcc/avr/5.4.0/avr5\libgcc.a
LOAD c:/program files (x86)/atmel/studio/7.0/toolchain/avr8/avr8-gnu-toolchain/bin/../lib/gcc/avr/5.4.0/../../../../avr/lib/avr5\libm.a
START GROUP
LOAD c:/program files (x86)/atmel/studio/7.0/toolchain/avr8/avr8-gnu-toolchain/bin/../lib/gcc/avr/5.4.0/avr5\libgcc.a
LOAD c:/program files (x86)/atmel/studio/7.0/toolchain/avr8/avr8-gnu-toolchain/bin/../lib/gcc/avr/5.4.0/../../../../avr/lib/avr5\libm.a
LOAD c:/program files (x86)/atmel/studio/7.0/toolchain/avr8/avr8-gnu-toolchain/bin/../lib/gcc/avr/5.4.0/../../../../avr/lib/avr5\libc.a
LOAD C:/Program Files (x86)/Atmel/Studio/7.0/Packs/atmel/ATmega_DFP/1.2.132/gcc/dev/atmega328p/avr5\libatmega328p.a
END GROUP
                0x00020000                __TEXT_REGION_LENGTH__ = DEFINED (__TEXT_REGION_LENGTH__)?__TEXT_REGION_LENGTH__:0x20000
                0x0000ffa0                __DATA_REGION_LENGTH__ = DEFINED (__DATA_REGION_LENGTH__)?__DATA_REGION_LENGTH__:0xffa0
                0x00010000                __EEPROM_REGION_LENGTH__ = DEFINED (__EEPROM_REGION_LENGTH__)?__EEPROM_REGION_LENGTH__:0x10000
                [0x00000003]                __FUSE_REGION_LENGTH__ = DEFINED (__FUSE_REGION_LENGTH__)?__FUSE_REGION_LENGTH__:0x400
                0x00000400                __LOCK_REGION_LENGTH__ = DEFINED (__LOCK_REGION_LENGTH__)?__LOCK_REGION_LENGTH__:0x400
                0x00000400                __SIGNATURE_REGION_LENGTH__ = DEFINED (__SIGNATURE_REGION_LENGTH__)?__SIGNATURE_REGION_LENGTH__:0x400
                0x00000400                __USER_SIGNATURE_REGION_LENGTH__ = DEFINED (__USER_SIGNATURE_REGION_LENGTH__)?__USER_SIGNATURE_REGION_LENGTH__:0x400

.hash
 *(.hash)

.dynsym
 *(.dynsym)

.dynstr
 *(.dynstr)

.gnu.version
 *(.gnu.version)

.gnu.version_d
 *(.gnu.version_d)

.gnu.version_r
 *(.gnu.version_r)

.rel.init
 *(.rel.init)

.rela.init
 *(.rela.init)

.rel.text
 *(.rel.text)
 *(.rel.text.*)
 *(.rel.gnu.linkonce.t*)

.rela.text
 *(.rela.text)
 *(.rela.text.*)
 *(.rela.gnu.linkonce.t*)

.rel.fini
 *(.rel.fini)

.rela.fini
 *(.rela.fini)

.rel.rodata
 *(.rel.rodata)
 *(.rel.rodata.*)
 *(.rel.gnu.linkonce.r*)

.rela.rodata
 *(.rela.rodata)
 *(.rela.rodata.*)
 *(.rela.gnu.linkonce.r*)

.rel.data
 *(.rel.data)
 *(.rel.data.*)
 *(.rel.gnu.linkonce.d*)

.rela.data
 *(.rela.data)
 *(.rela.data.*)
 *(.rela.gnu.linkonce.d*)

.rel.ctors
 *(.rel.ctors)

.rela.ctors
 *(.rela.ctors)

.rel.dtors
 *(.rel.dtors)

.rela.dtors
 *(.rela.dtors)

.rel.got
 *(.rel.got)

.rela.got
 *(.rela.got)

.rel.bss
 *(.rel.bss)

.rela.bss
 *(.rela.bss)

.rel.plt
 *(.rel.plt)

.rela.plt
 *(.rela.plt)

.text           0x00000000      0xbb0
 *(.vectors)
 .vectors       0x00000000       0x68 C:/Program Files (x86)/Atmel/Studio/7.0/Packs/atmel/ATmega_DFP/1.2.132/gcc/dev/atmega328p/avr5/crtatmega328p.o
                0x00000000                __vector_default
                0x00000000                __vectors
 *(.vectors)
 *(.progmem.gcc*)
                0x00000068                . = ALIGN (0x2)
                0x00000068                __trampolines_start = .
 *(.trampolines)
 .trampolines   0x00000068        0x0 linker stubs
 *(.trampolines*)
                0x00000068                __trampolines_end = .
 *libprintf_flt.a:*(.progmem.data)
 *libc.a:*(.progmem.data)
 *(.progmem*)
 .progmem.data.digital_pin_to_timer_PGM
                0x00000068       0x14 D:\Usuario\Escritorio\Sistemas Embebidos\laboratorio 1 SE\libcoreArduinoUno161.a(wiring_digital.c.o)
                0x00000068                digital_pin_to_timer_PGM
 .progmem.data.digital_pin_to_bit_mask_PGM
                0x0000007c       0x14 D:\Usuario\Escritorio\Sistemas Embebidos\laboratorio 1 SE\libcoreArduinoUno161.a(wiring_digital.c.o)
                0x0000007c                digital_pin_to_bit_mask_PGM
 .progmem.data.digital_pin_to_port_PGM
                0x00000090       0x14 D:\Usuario\Escritorio\Sistemas Embebidos\laboratorio 1 SE\libcoreArduinoUno161.a(wiring_digital.c.o)
                0x00000090                digital_pin_to_port_PGM
 .progmem.data.port_to_output_PGM
                0x000000a4        0xa D:\Usuario\Escritorio\Sistemas Embebidos\laboratorio 1 SE\libcoreArduinoUno161.a(wiring_digital.c.o)
                0x000000a4                port_to_output_PGM
 .progmem.data.port_to_mode_PGM
                0x000000ae        0xa D:\Usuario\Escritorio\Sistemas Embebidos\laboratorio 1 SE\libcoreArduinoUno161.a(wiring_digital.c.o)
                0x000000ae                port_to_mode_PGM
                0x000000b8                . = ALIGN (0x2)
 *(.jumptables)
 *(.jumptables*)
 *(.lowtext)
 *(.lowtext*)
                0x000000b8                __ctors_start = .
 *(.ctors)
 .ctors         0x000000b8        0x2 D:\Usuario\Escritorio\Sistemas Embebidos\laboratorio 1 SE\libcoreArduinoUno161.a(HardwareSerial0.cpp.o)
                0x000000ba                __ctors_end = .
                0x000000ba                __dtors_start = .
 *(.dtors)
                0x000000ba                __dtors_end = .
 SORT(*)(.ctors)
 SORT(*)(.dtors)
 *(.init0)
 .init0         0x000000ba        0x0 C:/Program Files (x86)/Atmel/Studio/7.0/Packs/atmel/ATmega_DFP/1.2.132/gcc/dev/atmega328p/avr5/crtatmega328p.o
                0x000000ba                __init
 *(.init0)
 *(.init1)
 *(.init1)
 *(.init2)
 .init2         0x000000ba        0xc C:/Program Files (x86)/Atmel/Studio/7.0/Packs/atmel/ATmega_DFP/1.2.132/gcc/dev/atmega328p/avr5/crtatmega328p.o
 *(.init2)
 *(.init3)
 *(.init3)
 *(.init4)
 .init4         0x000000c6       0x16 c:/program files (x86)/atmel/studio/7.0/toolchain/avr8/avr8-gnu-toolchain/bin/../lib/gcc/avr/5.4.0/avr5\libgcc.a(_copy_data.o)
                0x000000c6                __do_copy_data
 .init4         0x000000dc       0x10 c:/program files (x86)/atmel/studio/7.0/toolchain/avr8/avr8-gnu-toolchain/bin/../lib/gcc/avr/5.4.0/avr5\libgcc.a(_clear_bss.o)
                0x000000dc                __do_clear_bss
 *(.init4)
 *(.init5)
 *(.init5)
 *(.init6)
 .init6         0x000000ec       0x16 c:/program files (x86)/atmel/studio/7.0/toolchain/avr8/avr8-gnu-toolchain/bin/../lib/gcc/avr/5.4.0/avr5\libgcc.a(_ctors.o)
                0x000000ec                __do_global_ctors
 *(.init6)
 *(.init7)
 *(.init7)
 *(.init8)
 *(.init8)
 *(.init9)
 .init9         0x00000102        0x8 C:/Program Files (x86)/Atmel/Studio/7.0/Packs/atmel/ATmega_DFP/1.2.132/gcc/dev/atmega328p/avr5/crtatmega328p.o
 *(.init9)
 *(.text)
 .text          0x0000010a        0x4 C:/Program Files (x86)/Atmel/Studio/7.0/Packs/atmel/ATmega_DFP/1.2.132/gcc/dev/atmega328p/avr5/crtatmega328p.o
                0x0000010a                __vector_22
                0x0000010a                __vector_1
                0x0000010a                __vector_24
                0x0000010a                __vector_12
                0x0000010a                __bad_interrupt
                0x0000010a                __vector_6
                0x0000010a                __vector_3
                0x0000010a                __vector_23
                0x0000010a                __vector_25
                0x0000010a                __vector_11
                0x0000010a                __vector_13
                0x0000010a                __vector_17
                0x0000010a                __vector_7
                0x0000010a                __vector_5
                0x0000010a                __vector_4
                0x0000010a                __vector_9
                0x0000010a                __vector_2
                0x0000010a                __vector_21
                0x0000010a                __vector_15
                0x0000010a                __vector_8
                0x0000010a                __vector_14
                0x0000010a                __vector_10
                0x0000010a                __vector_20
                0x0000010e                . = ALIGN (0x2)
 *(.text.*)
 .text._ZN14HardwareSerial5beginEm
                0x0000010e       0x46 main.o
                0x0000010e                _ZN14HardwareSerial5beginEm
 .text.setup    0x00000154       0x30 main.o
                0x00000154                setup
 .text._Z4modoi
                0x00000184      0x14e main.o
                0x00000184                _Z4modoi
 .text.loop     0x000002d2       0x9e main.o
                0x000002d2                loop
 .text.__vector_16
                0x00000370       0x94 D:\Usuario\Escritorio\Sistemas Embebidos\laboratorio 1 SE\libcoreArduinoUno161.a(wiring.c.o)
                0x00000370                __vector_16
 .text.micros   0x00000404       0x46 D:\Usuario\Escritorio\Sistemas Embebidos\laboratorio 1 SE\libcoreArduinoUno161.a(wiring.c.o)
                0x00000404                micros
 .text.delay    0x0000044a       0x50 D:\Usuario\Escritorio\Sistemas Embebidos\laboratorio 1 SE\libcoreArduinoUno161.a(wiring.c.o)
                0x0000044a                delay
 .text.init     0x0000049a       0x76 D:\Usuario\Escritorio\Sistemas Embebidos\laboratorio 1 SE\libcoreArduinoUno161.a(wiring.c.o)
                0x0000049a                init
 .text.turnOffPWM
                0x00000510       0x52 D:\Usuario\Escritorio\Sistemas Embebidos\laboratorio 1 SE\libcoreArduinoUno161.a(wiring_digital.c.o)
 .text.pinMode  0x00000562       0x72 D:\Usuario\Escritorio\Sistemas Embebidos\laboratorio 1 SE\libcoreArduinoUno161.a(wiring_digital.c.o)
                0x00000562                pinMode
 .text.digitalWrite
                0x000005d4       0x6c D:\Usuario\Escritorio\Sistemas Embebidos\laboratorio 1 SE\libcoreArduinoUno161.a(wiring_digital.c.o)
                0x000005d4                digitalWrite
 .text._ZN14HardwareSerial9availableEv
                0x00000640       0x16 D:\Usuario\Escritorio\Sistemas Embebidos\laboratorio 1 SE\libcoreArduinoUno161.a(HardwareSerial.cpp.o)
                0x00000640                _ZN14HardwareSerial9availableEv
 .text._ZN14HardwareSerial4peekEv
                0x00000656       0x1c D:\Usuario\Escritorio\Sistemas Embebidos\laboratorio 1 SE\libcoreArduinoUno161.a(HardwareSerial.cpp.o)
                0x00000656                _ZN14HardwareSerial4peekEv
 .text._ZN14HardwareSerial4readEv
                0x00000672       0x28 D:\Usuario\Escritorio\Sistemas Embebidos\laboratorio 1 SE\libcoreArduinoUno161.a(HardwareSerial.cpp.o)
                0x00000672                _ZN14HardwareSerial4readEv
 .text._Z14serialEventRunv
                0x0000069a       0x1c D:\Usuario\Escritorio\Sistemas Embebidos\laboratorio 1 SE\libcoreArduinoUno161.a(HardwareSerial.cpp.o)
                0x0000069a                _Z14serialEventRunv
 .text._ZN14HardwareSerial17_tx_udr_empty_irqEv
                0x000006b6       0x42 D:\Usuario\Escritorio\Sistemas Embebidos\laboratorio 1 SE\libcoreArduinoUno161.a(HardwareSerial.cpp.o)
                0x000006b6                _ZN14HardwareSerial17_tx_udr_empty_irqEv
 .text._ZN14HardwareSerial5flushEv
                0x000006f8       0x44 D:\Usuario\Escritorio\Sistemas Embebidos\laboratorio 1 SE\libcoreArduinoUno161.a(HardwareSerial.cpp.o)
                0x000006f8                _ZN14HardwareSerial5flushEv
 .text._ZN14HardwareSerial5writeEh
                0x0000073c       0xca D:\Usuario\Escritorio\Sistemas Embebidos\laboratorio 1 SE\libcoreArduinoUno161.a(HardwareSerial.cpp.o)
                0x0000073c                _ZN14HardwareSerial5writeEh
 .text._ZN14HardwareSerial5beginEmh
                0x00000806       0xc4 D:\Usuario\Escritorio\Sistemas Embebidos\laboratorio 1 SE\libcoreArduinoUno161.a(HardwareSerial.cpp.o)
                0x00000806                _ZN14HardwareSerial5beginEmh
 .text.__vector_18
                0x000008ca       0x64 D:\Usuario\Escritorio\Sistemas Embebidos\laboratorio 1 SE\libcoreArduinoUno161.a(HardwareSerial0.cpp.o)
                0x000008ca                __vector_18
 .text.__vector_19
                0x0000092e       0x4c D:\Usuario\Escritorio\Sistemas Embebidos\laboratorio 1 SE\libcoreArduinoUno161.a(HardwareSerial0.cpp.o)
                0x0000092e                __vector_19
 .text._Z17Serial0_availablev
                0x0000097a       0x14 D:\Usuario\Escritorio\Sistemas Embebidos\laboratorio 1 SE\libcoreArduinoUno161.a(HardwareSerial0.cpp.o)
                0x0000097a                _Z17Serial0_availablev
 .text.startup._GLOBAL__sub_I___vector_18
                0x0000098e       0x86 D:\Usuario\Escritorio\Sistemas Embebidos\laboratorio 1 SE\libcoreArduinoUno161.a(HardwareSerial0.cpp.o)
 .text.initVariant
                0x00000a14        0x2 D:\Usuario\Escritorio\Sistemas Embebidos\laboratorio 1 SE\libcoreArduinoUno161.a(main.cpp.o)
                0x00000a14                initVariant
 .text.startup.main
                0x00000a16       0x1e D:\Usuario\Escritorio\Sistemas Embebidos\laboratorio 1 SE\libcoreArduinoUno161.a(main.cpp.o)
                0x00000a16                main
 .text._ZN5Print5writeEPKhj
                0x00000a34       0x50 D:\Usuario\Escritorio\Sistemas Embebidos\laboratorio 1 SE\libcoreArduinoUno161.a(Print.cpp.o)
                0x00000a34                _ZN5Print5writeEPKhj
 .text._ZN5Print5writeEPKc
                0x00000a84       0x2c D:\Usuario\Escritorio\Sistemas Embebidos\laboratorio 1 SE\libcoreArduinoUno161.a(Print.cpp.o)
                0x00000a84                _ZN5Print5writeEPKc
 .text._ZN5Print5printEc
                0x00000ab0        0xe D:\Usuario\Escritorio\Sistemas Embebidos\laboratorio 1 SE\libcoreArduinoUno161.a(Print.cpp.o)
                0x00000ab0                _ZN5Print5printEc
 .text._ZN5Print7printlnEv
                0x00000abe       0x28 D:\Usuario\Escritorio\Sistemas Embebidos\laboratorio 1 SE\libcoreArduinoUno161.a(Print.cpp.o)
                0x00000abe                _ZN5Print7printlnEv
 .text._ZN5Print7printlnEPKc
                0x00000ae6       0x24 D:\Usuario\Escritorio\Sistemas Embebidos\laboratorio 1 SE\libcoreArduinoUno161.a(Print.cpp.o)
                0x00000ae6                _ZN5Print7printlnEPKc
 .text.__empty  0x00000b0a        0x2 D:\Usuario\Escritorio\Sistemas Embebidos\laboratorio 1 SE\libcoreArduinoUno161.a(hooks.c.o)
                0x00000b0a                yield
 .text.libgcc.div
                0x00000b0c       0x28 c:/program files (x86)/atmel/studio/7.0/toolchain/avr8/avr8-gnu-toolchain/bin/../lib/gcc/avr/5.4.0/avr5\libgcc.a(_divmodhi4.o)
                0x00000b0c                _div
                0x00000b0c                __divmodhi4
 .text.libgcc.div
                0x00000b34       0x44 c:/program files (x86)/atmel/studio/7.0/toolchain/avr8/avr8-gnu-toolchain/bin/../lib/gcc/avr/5.4.0/avr5\libgcc.a(_udivmodsi4.o)
                0x00000b34                __udivmodsi4
 .text.libgcc.div
                0x00000b78       0x28 c:/program files (x86)/atmel/studio/7.0/toolchain/avr8/avr8-gnu-toolchain/bin/../lib/gcc/avr/5.4.0/avr5\libgcc.a(_udivmodhi4.o)
                0x00000b78                __udivmodhi4
 .text.libgcc   0x00000ba0        0xc c:/program files (x86)/atmel/studio/7.0/toolchain/avr8/avr8-gnu-toolchain/bin/../lib/gcc/avr/5.4.0/avr5\libgcc.a(_tablejump2.o)
                0x00000ba0                __tablejump2__
                0x00000bac                . = ALIGN (0x2)
 *(.fini9)
 .fini9         0x00000bac        0x0 c:/program files (x86)/atmel/studio/7.0/toolchain/avr8/avr8-gnu-toolchain/bin/../lib/gcc/avr/5.4.0/avr5\libgcc.a(_exit.o)
                0x00000bac                _exit
                0x00000bac                exit
 *(.fini9)
 *(.fini8)
 *(.fini8)
 *(.fini7)
 *(.fini7)
 *(.fini6)
 *(.fini6)
 *(.fini5)
 *(.fini5)
 *(.fini4)
 *(.fini4)
 *(.fini3)
 *(.fini3)
 *(.fini2)
 *(.fini2)
 *(.fini1)
 *(.fini1)
 *(.fini0)
 .fini0         0x00000bac        0x4 c:/program files (x86)/atmel/studio/7.0/toolchain/avr8/avr8-gnu-toolchain/bin/../lib/gcc/avr/5.4.0/avr5\libgcc.a(_exit.o)
 *(.fini0)
                0x00000bb0                _etext = .

.data           0x00800100       0x7a load address 0x00000bb0
                0x00800100                PROVIDE (__data_start, .)
 *(.data)
 *(.data*)
 .data.entrada  0x00800100        0x2 main.o
                0x00800100                entrada
 *(.rodata)
 .rodata        0x00800102       0x67 main.o
 *(.rodata*)
 .rodata._ZTV14HardwareSerial
                0x00800169       0x10 D:\Usuario\Escritorio\Sistemas Embebidos\laboratorio 1 SE\libcoreArduinoUno161.a(HardwareSerial.cpp.o)
                0x00800169                _ZTV14HardwareSerial
 *(.gnu.linkonce.d*)
                0x0080017a                . = ALIGN (0x2)
 *fill*         0x00800179        0x1 
                0x0080017a                _edata = .
                0x0080017a                PROVIDE (__data_end, .)

.bss            0x0080017a       0xa8
                0x0080017a                PROVIDE (__bss_start, .)
 *(.bss)
 *(.bss*)
 .bss.estadoActual
                0x0080017a        0x2 main.o
                0x0080017a                estadoActual
 .bss.timer0_fract
                0x0080017c        0x1 D:\Usuario\Escritorio\Sistemas Embebidos\laboratorio 1 SE\libcoreArduinoUno161.a(wiring.c.o)
 .bss.timer0_millis
                0x0080017d        0x4 D:\Usuario\Escritorio\Sistemas Embebidos\laboratorio 1 SE\libcoreArduinoUno161.a(wiring.c.o)
                0x0080017d                timer0_millis
 .bss.timer0_overflow_count
                0x00800181        0x4 D:\Usuario\Escritorio\Sistemas Embebidos\laboratorio 1 SE\libcoreArduinoUno161.a(wiring.c.o)
                0x00800181                timer0_overflow_count
 .bss.Serial    0x00800185       0x9d D:\Usuario\Escritorio\Sistemas Embebidos\laboratorio 1 SE\libcoreArduinoUno161.a(HardwareSerial0.cpp.o)
                0x00800185                Serial
 *(COMMON)
                0x00800222                PROVIDE (__bss_end, .)
                0x00000bb0                __data_load_start = LOADADDR (.data)
                0x00000c2a                __data_load_end = (__data_load_start + SIZEOF (.data))

.noinit         0x00800222        0x0
                [!provide]                PROVIDE (__noinit_start, .)
 *(.noinit*)
                [!provide]                PROVIDE (__noinit_end, .)
                0x00800222                _end = .
                [!provide]                PROVIDE (__heap_start, .)

.eeprom         0x00810000        0x0
 *(.eeprom*)
                0x00810000                __eeprom_end = .

.fuse
 *(.fuse)
 *(.lfuse)
 *(.hfuse)
 *(.efuse)

.lock
 *(.lock*)

.signature
 *(.signature*)

.user_signatures
 *(.user_signatures*)

.stab
 *(.stab)

.stabstr
 *(.stabstr)

.stab.excl
 *(.stab.excl)

.stab.exclstr
 *(.stab.exclstr)

.stab.index
 *(.stab.index)

.stab.indexstr
 *(.stab.indexstr)

.comment        0x00000000       0x41
 *(.comment)
 .comment       0x00000000       0x30 main.o
                                 0x31 (size before relaxing)
 .comment       0x00000030       0x11 D:\Usuario\Escritorio\Sistemas Embebidos\laboratorio 1 SE\libcoreArduinoUno161.a(wiring.c.o)
                                 0x12 (size before relaxing)
 .comment       0x00000041       0x12 D:\Usuario\Escritorio\Sistemas Embebidos\laboratorio 1 SE\libcoreArduinoUno161.a(wiring_digital.c.o)
 .comment       0x00000041       0x12 D:\Usuario\Escritorio\Sistemas Embebidos\laboratorio 1 SE\libcoreArduinoUno161.a(HardwareSerial.cpp.o)
 .comment       0x00000041       0x12 D:\Usuario\Escritorio\Sistemas Embebidos\laboratorio 1 SE\libcoreArduinoUno161.a(HardwareSerial0.cpp.o)
 .comment       0x00000041       0x12 D:\Usuario\Escritorio\Sistemas Embebidos\laboratorio 1 SE\libcoreArduinoUno161.a(main.cpp.o)
 .comment       0x00000041       0x12 D:\Usuario\Escritorio\Sistemas Embebidos\laboratorio 1 SE\libcoreArduinoUno161.a(Print.cpp.o)
 .comment       0x00000041       0x12 D:\Usuario\Escritorio\Sistemas Embebidos\laboratorio 1 SE\libcoreArduinoUno161.a(hooks.c.o)

.note.gnu.avr.deviceinfo
                0x00000000       0x40
 .note.gnu.avr.deviceinfo
                0x00000000       0x40 C:/Program Files (x86)/Atmel/Studio/7.0/Packs/atmel/ATmega_DFP/1.2.132/gcc/dev/atmega328p/avr5/crtatmega328p.o

.note.gnu.build-id
 *(.note.gnu.build-id)

.debug
 *(.debug)

.line
 *(.line)

.debug_srcinfo
 *(.debug_srcinfo)

.debug_sfnames
 *(.debug_sfnames)

.debug_aranges  0x00000000      0x298
 *(.debug_aranges)
 .debug_aranges
                0x00000000       0x38 main.o
 .debug_aranges
                0x00000038       0x48 D:\Usuario\Escritorio\Sistemas Embebidos\laboratorio 1 SE\libcoreArduinoUno161.a(wiring.c.o)
 .debug_aranges
                0x00000080       0x38 D:\Usuario\Escritorio\Sistemas Embebidos\laboratorio 1 SE\libcoreArduinoUno161.a(wiring_digital.c.o)
 .debug_aranges
                0x000000b8       0x68 D:\Usuario\Escritorio\Sistemas Embebidos\laboratorio 1 SE\libcoreArduinoUno161.a(HardwareSerial.cpp.o)
 .debug_aranges
                0x00000120       0x38 D:\Usuario\Escritorio\Sistemas Embebidos\laboratorio 1 SE\libcoreArduinoUno161.a(HardwareSerial0.cpp.o)
 .debug_aranges
                0x00000158       0x30 D:\Usuario\Escritorio\Sistemas Embebidos\laboratorio 1 SE\libcoreArduinoUno161.a(main.cpp.o)
 .debug_aranges
                0x00000188       0xf0 D:\Usuario\Escritorio\Sistemas Embebidos\laboratorio 1 SE\libcoreArduinoUno161.a(Print.cpp.o)
 .debug_aranges
                0x00000278       0x20 D:\Usuario\Escritorio\Sistemas Embebidos\laboratorio 1 SE\libcoreArduinoUno161.a(hooks.c.o)

.debug_pubnames
 *(.debug_pubnames)

.debug_info     0x00000000     0x6b55
 *(.debug_info .gnu.linkonce.wi.*)
 .debug_info    0x00000000      0x5f4 C:/Program Files (x86)/Atmel/Studio/7.0/Packs/atmel/ATmega_DFP/1.2.132/gcc/dev/atmega328p/avr5/crtatmega328p.o
 .debug_info    0x000005f4      0x31a main.o
 .debug_info    0x0000090e      0x2c2 D:\Usuario\Escritorio\Sistemas Embebidos\laboratorio 1 SE\libcoreArduinoUno161.a(wiring.c.o)
 .debug_info    0x00000bd0      0x5f1 D:\Usuario\Escritorio\Sistemas Embebidos\laboratorio 1 SE\libcoreArduinoUno161.a(wiring_digital.c.o)
 .debug_info    0x000011c1     0x1a60 D:\Usuario\Escritorio\Sistemas Embebidos\laboratorio 1 SE\libcoreArduinoUno161.a(HardwareSerial.cpp.o)
 .debug_info    0x00002c21     0x1679 D:\Usuario\Escritorio\Sistemas Embebidos\laboratorio 1 SE\libcoreArduinoUno161.a(HardwareSerial0.cpp.o)
 .debug_info    0x0000429a      0x1f0 D:\Usuario\Escritorio\Sistemas Embebidos\laboratorio 1 SE\libcoreArduinoUno161.a(main.cpp.o)
 .debug_info    0x0000448a     0x2691 D:\Usuario\Escritorio\Sistemas Embebidos\laboratorio 1 SE\libcoreArduinoUno161.a(Print.cpp.o)
 .debug_info    0x00006b1b       0x3a D:\Usuario\Escritorio\Sistemas Embebidos\laboratorio 1 SE\libcoreArduinoUno161.a(hooks.c.o)

.debug_abbrev   0x00000000     0x15ed
 *(.debug_abbrev)
 .debug_abbrev  0x00000000      0x5a2 C:/Program Files (x86)/Atmel/Studio/7.0/Packs/atmel/ATmega_DFP/1.2.132/gcc/dev/atmega328p/avr5/crtatmega328p.o
 .debug_abbrev  0x000005a2      0x16a main.o
 .debug_abbrev  0x0000070c      0x143 D:\Usuario\Escritorio\Sistemas Embebidos\laboratorio 1 SE\libcoreArduinoUno161.a(wiring.c.o)
 .debug_abbrev  0x0000084f      0x162 D:\Usuario\Escritorio\Sistemas Embebidos\laboratorio 1 SE\libcoreArduinoUno161.a(wiring_digital.c.o)
 .debug_abbrev  0x000009b1      0x3db D:\Usuario\Escritorio\Sistemas Embebidos\laboratorio 1 SE\libcoreArduinoUno161.a(HardwareSerial.cpp.o)
 .debug_abbrev  0x00000d8c      0x33d D:\Usuario\Escritorio\Sistemas Embebidos\laboratorio 1 SE\libcoreArduinoUno161.a(HardwareSerial0.cpp.o)
 .debug_abbrev  0x000010c9       0xd7 D:\Usuario\Escritorio\Sistemas Embebidos\laboratorio 1 SE\libcoreArduinoUno161.a(main.cpp.o)
 .debug_abbrev  0x000011a0      0x425 D:\Usuario\Escritorio\Sistemas Embebidos\laboratorio 1 SE\libcoreArduinoUno161.a(Print.cpp.o)
 .debug_abbrev  0x000015c5       0x28 D:\Usuario\Escritorio\Sistemas Embebidos\laboratorio 1 SE\libcoreArduinoUno161.a(hooks.c.o)

.debug_line     0x00000000     0x1343
 *(.debug_line .debug_line.* .debug_line_end)
 .debug_line    0x00000000      0x133 C:/Program Files (x86)/Atmel/Studio/7.0/Packs/atmel/ATmega_DFP/1.2.132/gcc/dev/atmega328p/avr5/crtatmega328p.o
 .debug_line    0x00000133      0x354 main.o
 .debug_line    0x00000487      0x1d3 D:\Usuario\Escritorio\Sistemas Embebidos\laboratorio 1 SE\libcoreArduinoUno161.a(wiring.c.o)
 .debug_line    0x0000065a      0x199 D:\Usuario\Escritorio\Sistemas Embebidos\laboratorio 1 SE\libcoreArduinoUno161.a(wiring_digital.c.o)
 .debug_line    0x000007f3      0x2e8 D:\Usuario\Escritorio\Sistemas Embebidos\laboratorio 1 SE\libcoreArduinoUno161.a(HardwareSerial.cpp.o)
 .debug_line    0x00000adb      0x238 D:\Usuario\Escritorio\Sistemas Embebidos\laboratorio 1 SE\libcoreArduinoUno161.a(HardwareSerial0.cpp.o)
 .debug_line    0x00000d13      0x16b D:\Usuario\Escritorio\Sistemas Embebidos\laboratorio 1 SE\libcoreArduinoUno161.a(main.cpp.o)
 .debug_line    0x00000e7e      0x44b D:\Usuario\Escritorio\Sistemas Embebidos\laboratorio 1 SE\libcoreArduinoUno161.a(Print.cpp.o)
 .debug_line    0x000012c9       0x7a D:\Usuario\Escritorio\Sistemas Embebidos\laboratorio 1 SE\libcoreArduinoUno161.a(hooks.c.o)

.debug_frame    0x00000000      0x7c8
 *(.debug_frame)
 .debug_frame   0x00000000       0x94 main.o
 .debug_frame   0x00000094       0xbc D:\Usuario\Escritorio\Sistemas Embebidos\laboratorio 1 SE\libcoreArduinoUno161.a(wiring.c.o)
 .debug_frame   0x00000150       0x88 D:\Usuario\Escritorio\Sistemas Embebidos\laboratorio 1 SE\libcoreArduinoUno161.a(wiring_digital.c.o)
 .debug_frame   0x000001d8      0x110 D:\Usuario\Escritorio\Sistemas Embebidos\laboratorio 1 SE\libcoreArduinoUno161.a(HardwareSerial.cpp.o)
 .debug_frame   0x000002e8       0xc0 D:\Usuario\Escritorio\Sistemas Embebidos\laboratorio 1 SE\libcoreArduinoUno161.a(HardwareSerial0.cpp.o)
 .debug_frame   0x000003a8       0x44 D:\Usuario\Escritorio\Sistemas Embebidos\laboratorio 1 SE\libcoreArduinoUno161.a(main.cpp.o)
 .debug_frame   0x000003ec      0x3b8 D:\Usuario\Escritorio\Sistemas Embebidos\laboratorio 1 SE\libcoreArduinoUno161.a(Print.cpp.o)
 .debug_frame   0x000007a4       0x24 D:\Usuario\Escritorio\Sistemas Embebidos\laboratorio 1 SE\libcoreArduinoUno161.a(hooks.c.o)

.debug_str      0x00000000     0x1bf1
 *(.debug_str)
 .debug_str     0x00000000      0x208 C:/Program Files (x86)/Atmel/Studio/7.0/Packs/atmel/ATmega_DFP/1.2.132/gcc/dev/atmega328p/avr5/crtatmega328p.o
 .debug_str     0x00000208      0x288 main.o
                                0x2d3 (size before relaxing)
 .debug_str     0x00000490      0x118 D:\Usuario\Escritorio\Sistemas Embebidos\laboratorio 1 SE\libcoreArduinoUno161.a(wiring.c.o)
                                0x19d (size before relaxing)
 .debug_str     0x000005a8      0x12e D:\Usuario\Escritorio\Sistemas Embebidos\laboratorio 1 SE\libcoreArduinoUno161.a(wiring_digital.c.o)
                                0x20b (size before relaxing)
 .debug_str     0x000006d6      0xfbd D:\Usuario\Escritorio\Sistemas Embebidos\laboratorio 1 SE\libcoreArduinoUno161.a(HardwareSerial.cpp.o)
                               0x1123 (size before relaxing)
 .debug_str     0x00001693       0xc2 D:\Usuario\Escritorio\Sistemas Embebidos\laboratorio 1 SE\libcoreArduinoUno161.a(HardwareSerial0.cpp.o)
                                0xf1d (size before relaxing)
 .debug_str     0x00001755       0x69 D:\Usuario\Escritorio\Sistemas Embebidos\laboratorio 1 SE\libcoreArduinoUno161.a(main.cpp.o)
                                0x1f1 (size before relaxing)
 .debug_str     0x000017be      0x3e0 D:\Usuario\Escritorio\Sistemas Embebidos\laboratorio 1 SE\libcoreArduinoUno161.a(Print.cpp.o)
                                0xe22 (size before relaxing)
 .debug_str     0x00001b9e       0x53 D:\Usuario\Escritorio\Sistemas Embebidos\laboratorio 1 SE\libcoreArduinoUno161.a(hooks.c.o)
                                 0x9b (size before relaxing)

.debug_loc      0x00000000     0x2e49
 *(.debug_loc)
 .debug_loc     0x00000000      0x106 main.o
 .debug_loc     0x00000106      0x22b D:\Usuario\Escritorio\Sistemas Embebidos\laboratorio 1 SE\libcoreArduinoUno161.a(wiring.c.o)
 .debug_loc     0x00000331      0x617 D:\Usuario\Escritorio\Sistemas Embebidos\laboratorio 1 SE\libcoreArduinoUno161.a(wiring_digital.c.o)
 .debug_loc     0x00000948      0x48d D:\Usuario\Escritorio\Sistemas Embebidos\laboratorio 1 SE\libcoreArduinoUno161.a(HardwareSerial.cpp.o)
 .debug_loc     0x00000dd5      0x161 D:\Usuario\Escritorio\Sistemas Embebidos\laboratorio 1 SE\libcoreArduinoUno161.a(HardwareSerial0.cpp.o)
 .debug_loc     0x00000f36       0x26 D:\Usuario\Escritorio\Sistemas Embebidos\laboratorio 1 SE\libcoreArduinoUno161.a(main.cpp.o)
 .debug_loc     0x00000f5c     0x1eed D:\Usuario\Escritorio\Sistemas Embebidos\laboratorio 1 SE\libcoreArduinoUno161.a(Print.cpp.o)

.debug_macinfo
 *(.debug_macinfo)

.debug_weaknames
 *(.debug_weaknames)

.debug_funcnames
 *(.debug_funcnames)

.debug_typenames
 *(.debug_typenames)

.debug_varnames
 *(.debug_varnames)

.debug_pubtypes
 *(.debug_pubtypes)

.debug_ranges   0x00000000      0x2a8
 *(.debug_ranges)
 .debug_ranges  0x00000000       0x28 main.o
 .debug_ranges  0x00000028       0x38 D:\Usuario\Escritorio\Sistemas Embebidos\laboratorio 1 SE\libcoreArduinoUno161.a(wiring.c.o)
 .debug_ranges  0x00000060       0x40 D:\Usuario\Escritorio\Sistemas Embebidos\laboratorio 1 SE\libcoreArduinoUno161.a(wiring_digital.c.o)
 .debug_ranges  0x000000a0       0x70 D:\Usuario\Escritorio\Sistemas Embebidos\laboratorio 1 SE\libcoreArduinoUno161.a(HardwareSerial.cpp.o)
 .debug_ranges  0x00000110       0x28 D:\Usuario\Escritorio\Sistemas Embebidos\laboratorio 1 SE\libcoreArduinoUno161.a(HardwareSerial0.cpp.o)
 .debug_ranges  0x00000138       0x20 D:\Usuario\Escritorio\Sistemas Embebidos\laboratorio 1 SE\libcoreArduinoUno161.a(main.cpp.o)
 .debug_ranges  0x00000158      0x140 D:\Usuario\Escritorio\Sistemas Embebidos\laboratorio 1 SE\libcoreArduinoUno161.a(Print.cpp.o)
 .debug_ranges  0x00000298       0x10 D:\Usuario\Escritorio\Sistemas Embebidos\laboratorio 1 SE\libcoreArduinoUno161.a(hooks.c.o)

.debug_macro
 *(.debug_macro)
OUTPUT(Laboratorio 1 Parte 2.elf elf32-avr)
LOAD linker stubs
